Archive member included to satisfy reference by file (symbol)

d:/chain/gcc-arm-none-eabi-10.3-2021.10-win32/gcc-arm-none-eabi-10.3-2021.10/bin/../lib/gcc/arm-none-eabi/10.3.1/../../../../arm-none-eabi/lib/thumb/v7e-m+fp/hard\libc_nano.a(lib_a-errno.o)
                              build/sysmem.o (__errno)
d:/chain/gcc-arm-none-eabi-10.3-2021.10-win32/gcc-arm-none-eabi-10.3-2021.10/bin/../lib/gcc/arm-none-eabi/10.3.1/../../../../arm-none-eabi/lib/thumb/v7e-m+fp/hard\libc_nano.a(lib_a-exit.o)
                              d:/chain/gcc-arm-none-eabi-10.3-2021.10-win32/gcc-arm-none-eabi-10.3-2021.10/bin/../lib/gcc/arm-none-eabi/10.3.1/../../../../arm-none-eabi/lib/thumb/v7e-m+fp/hard/crt0.o (exit)
d:/chain/gcc-arm-none-eabi-10.3-2021.10-win32/gcc-arm-none-eabi-10.3-2021.10/bin/../lib/gcc/arm-none-eabi/10.3.1/../../../../arm-none-eabi/lib/thumb/v7e-m+fp/hard\libc_nano.a(lib_a-impure.o)
                              d:/chain/gcc-arm-none-eabi-10.3-2021.10-win32/gcc-arm-none-eabi-10.3-2021.10/bin/../lib/gcc/arm-none-eabi/10.3.1/../../../../arm-none-eabi/lib/thumb/v7e-m+fp/hard\libc_nano.a(lib_a-exit.o) (_global_impure_ptr)
d:/chain/gcc-arm-none-eabi-10.3-2021.10-win32/gcc-arm-none-eabi-10.3-2021.10/bin/../lib/gcc/arm-none-eabi/10.3.1/../../../../arm-none-eabi/lib/thumb/v7e-m+fp/hard\libc_nano.a(lib_a-init.o)
                              d:/chain/gcc-arm-none-eabi-10.3-2021.10-win32/gcc-arm-none-eabi-10.3-2021.10/bin/../lib/gcc/arm-none-eabi/10.3.1/../../../../arm-none-eabi/lib/thumb/v7e-m+fp/hard/crt0.o (__libc_init_array)
d:/chain/gcc-arm-none-eabi-10.3-2021.10-win32/gcc-arm-none-eabi-10.3-2021.10/bin/../lib/gcc/arm-none-eabi/10.3.1/../../../../arm-none-eabi/lib/thumb/v7e-m+fp/hard\libc_nano.a(lib_a-memset.o)
                              d:/chain/gcc-arm-none-eabi-10.3-2021.10-win32/gcc-arm-none-eabi-10.3-2021.10/bin/../lib/gcc/arm-none-eabi/10.3.1/../../../../arm-none-eabi/lib/thumb/v7e-m+fp/hard/crt0.o (memset)
d:/chain/gcc-arm-none-eabi-10.3-2021.10-win32/gcc-arm-none-eabi-10.3-2021.10/bin/../lib/gcc/arm-none-eabi/10.3.1/thumb/v7e-m+fp/hard\libgcc.a(_aeabi_uldivmod.o)
                              build/stm32f4xx_hal_uart.o (__aeabi_uldivmod)
d:/chain/gcc-arm-none-eabi-10.3-2021.10-win32/gcc-arm-none-eabi-10.3-2021.10/bin/../lib/gcc/arm-none-eabi/10.3.1/thumb/v7e-m+fp/hard\libgcc.a(_udivmoddi4.o)
                              d:/chain/gcc-arm-none-eabi-10.3-2021.10-win32/gcc-arm-none-eabi-10.3-2021.10/bin/../lib/gcc/arm-none-eabi/10.3.1/thumb/v7e-m+fp/hard\libgcc.a(_aeabi_uldivmod.o) (__udivmoddi4)
d:/chain/gcc-arm-none-eabi-10.3-2021.10-win32/gcc-arm-none-eabi-10.3-2021.10/bin/../lib/gcc/arm-none-eabi/10.3.1/thumb/v7e-m+fp/hard\libgcc.a(_dvmd_tls.o)
                              d:/chain/gcc-arm-none-eabi-10.3-2021.10-win32/gcc-arm-none-eabi-10.3-2021.10/bin/../lib/gcc/arm-none-eabi/10.3.1/thumb/v7e-m+fp/hard\libgcc.a(_aeabi_uldivmod.o) (__aeabi_ldiv0)

Discarded input sections

 .text          0x00000000        0x0 d:/chain/gcc-arm-none-eabi-10.3-2021.10-win32/gcc-arm-none-eabi-10.3-2021.10/bin/../lib/gcc/arm-none-eabi/10.3.1/thumb/v7e-m+fp/hard/crti.o
 .data          0x00000000        0x0 d:/chain/gcc-arm-none-eabi-10.3-2021.10-win32/gcc-arm-none-eabi-10.3-2021.10/bin/../lib/gcc/arm-none-eabi/10.3.1/thumb/v7e-m+fp/hard/crti.o
 .bss           0x00000000        0x0 d:/chain/gcc-arm-none-eabi-10.3-2021.10-win32/gcc-arm-none-eabi-10.3-2021.10/bin/../lib/gcc/arm-none-eabi/10.3.1/thumb/v7e-m+fp/hard/crti.o
 .data          0x00000000        0x4 d:/chain/gcc-arm-none-eabi-10.3-2021.10-win32/gcc-arm-none-eabi-10.3-2021.10/bin/../lib/gcc/arm-none-eabi/10.3.1/thumb/v7e-m+fp/hard/crtbegin.o
 .rodata        0x00000000       0x24 d:/chain/gcc-arm-none-eabi-10.3-2021.10-win32/gcc-arm-none-eabi-10.3-2021.10/bin/../lib/gcc/arm-none-eabi/10.3.1/thumb/v7e-m+fp/hard/crtbegin.o
 .text          0x00000000       0x7c d:/chain/gcc-arm-none-eabi-10.3-2021.10-win32/gcc-arm-none-eabi-10.3-2021.10/bin/../lib/gcc/arm-none-eabi/10.3.1/../../../../arm-none-eabi/lib/thumb/v7e-m+fp/hard/crt0.o
 .data          0x00000000        0x0 d:/chain/gcc-arm-none-eabi-10.3-2021.10-win32/gcc-arm-none-eabi-10.3-2021.10/bin/../lib/gcc/arm-none-eabi/10.3.1/../../../../arm-none-eabi/lib/thumb/v7e-m+fp/hard/crt0.o
 .bss           0x00000000        0x0 d:/chain/gcc-arm-none-eabi-10.3-2021.10-win32/gcc-arm-none-eabi-10.3-2021.10/bin/../lib/gcc/arm-none-eabi/10.3.1/../../../../arm-none-eabi/lib/thumb/v7e-m+fp/hard/crt0.o
 .ARM.extab     0x00000000        0x0 d:/chain/gcc-arm-none-eabi-10.3-2021.10-win32/gcc-arm-none-eabi-10.3-2021.10/bin/../lib/gcc/arm-none-eabi/10.3.1/../../../../arm-none-eabi/lib/thumb/v7e-m+fp/hard/crt0.o
 .ARM.exidx     0x00000000       0x10 d:/chain/gcc-arm-none-eabi-10.3-2021.10-win32/gcc-arm-none-eabi-10.3-2021.10/bin/../lib/gcc/arm-none-eabi/10.3.1/../../../../arm-none-eabi/lib/thumb/v7e-m+fp/hard/crt0.o
 .ARM.attributes
[...]
Memory Configuration

Name             Origin             Length             Attributes
RAM              0x20000000         0x00030000         xrw
CCMRAM           0x10000000         0x00010000         xrw
FLASH            0x08000000         0x00100000         xr
*default*        0x00000000         0xffffffff

Linker script and memory map

LOAD d:/chain/gcc-arm-none-eabi-10.3-2021.10-win32/gcc-arm-none-eabi-10.3-2021.10/bin/../lib/gcc/arm-none-eabi/10.3.1/thumb/v7e-m+fp/hard/crti.o
LOAD d:/chain/gcc-arm-none-eabi-10.3-2021.10-win32/gcc-arm-none-eabi-10.3-2021.10/bin/../lib/gcc/arm-none-eabi/10.3.1/thumb/v7e-m+fp/hard/crtbegin.o
LOAD d:/chain/gcc-arm-none-eabi-10.3-2021.10-win32/gcc-arm-none-eabi-10.3-2021.10/bin/../lib/gcc/arm-none-eabi/10.3.1/../../../../arm-none-eabi/lib/thumb/v7e-m+fp/hard/crt0.o
LOAD build/main.o
LOAD build/Emm_V5.o
LOAD build/gpio.o
LOAD build/usart.o
LOAD build/stm32f4xx_it.o
LOAD build/stm32f4xx_hal_msp.o
LOAD build/stm32f4xx_hal_tim.o
LOAD build/stm32f4xx_hal_tim_ex.o
LOAD build/stm32f4xx_hal_uart.o
LOAD build/stm32f4xx_hal_rcc.o
LOAD build/stm32f4xx_hal_rcc_ex.o
LOAD build/stm32f4xx_hal_flash.o
LOAD build/stm32f4xx_hal_flash_ex.o
LOAD build/stm32f4xx_hal_flash_ramfunc.o
LOAD build/stm32f4xx_hal_gpio.o
LOAD build/stm32f4xx_hal_dma_ex.o
LOAD build/stm32f4xx_hal_dma.o
LOAD build/stm32f4xx_hal_pwr.o
LOAD build/stm32f4xx_hal_pwr_ex.o
LOAD build/stm32f4xx_hal_cortex.o
LOAD build/stm32f4xx_hal.o
LOAD build/stm32f4xx_hal_exti.o
LOAD build/system_stm32f4xx.o
LOAD build/sysmem.o
LOAD build/syscalls.o
LOAD build/dma.o
LOAD build/tim.o
LOAD build/startup_stm32f427xx.o
LOAD d:/chain/gcc-arm-none-eabi-10.3-2021.10-win32/gcc-arm-none-eabi-10.3-2021.10/bin/../lib/gcc/arm-none-eabi/10.3.1/../../../../arm-none-eabi/lib/thumb/v7e-m+fp/hard\libc_nano.a
LOAD d:/chain/gcc-arm-none-eabi-10.3-2021.10-win32/gcc-arm-none-eabi-10.3-2021.10/bin/../lib/gcc/arm-none-eabi/10.3.1/../../../../arm-none-eabi/lib/thumb/v7e-m+fp/hard\libm.a
LOAD d:/chain/gcc-arm-none-eabi-10.3-2021.10-win32/gcc-arm-none-eabi-10.3-2021.10/bin/../lib/gcc/arm-none-eabi/10.3.1/../../../../arm-none-eabi/lib/thumb/v7e-m+fp/hard\libnosys.a
START GROUP
LOAD d:/chain/gcc-arm-none-eabi-10.3-2021.10-win32/gcc-arm-none-eabi-10.3-2021.10/bin/../lib/gcc/arm-none-eabi/10.3.1/thumb/v7e-m+fp/hard\libgcc.a
LOAD d:/chain/gcc-arm-none-eabi-10.3-2021.10-win32/gcc-arm-none-eabi-10.3-2021.10/bin/../lib/gcc/arm-none-eabi/10.3.1/../../../../arm-none-eabi/lib/thumb/v7e-m+fp/hard\libc_nano.a
END GROUP
START GROUP
LOAD d:/chain/gcc-arm-none-eabi-10.3-2021.10-win32/gcc-arm-none-eabi-10.3-2021.10/bin/../lib/gcc/arm-none-eabi/10.3.1/thumb/v7e-m+fp/hard\libgcc.a
LOAD d:/chain/gcc-arm-none-eabi-10.3-2021.10-win32/gcc-arm-none-eabi-10.3-2021.10/bin/../lib/gcc/arm-none-eabi/10.3.1/../../../../arm-none-eabi/lib/thumb/v7e-m+fp/hard\libc_nano.a
END GROUP
LOAD d:/chain/gcc-arm-none-eabi-10.3-2021.10-win32/gcc-arm-none-eabi-10.3-2021.10/bin/../lib/gcc/arm-none-eabi/10.3.1/thumb/v7e-m+fp/hard/crtend.o
LOAD d:/chain/gcc-arm-none-eabi-10.3-2021.10-win32/gcc-arm-none-eabi-10.3-2021.10/bin/../lib/gcc/arm-none-eabi/10.3.1/thumb/v7e-m+fp/hard/crtn.o
                0x20030000                _estack = (ORIGIN (RAM) + LENGTH (RAM))
                0x00000200                _Min_Heap_Size = 0x200
                0x00000400                _Min_Stack_Size = 0x400

.isr_vector     0x08000000      0x1ac
                0x08000000                . = ALIGN (0x4)
 *(.isr_vector)
 .isr_vector    0x08000000      0x1ac build/startup_stm32f427xx.o
                0x08000000                g_pfnVectors
                0x080001ac                . = ALIGN (0x4)

.text           0x080001ac     0x23b0
                0x080001ac                . = ALIGN (0x4)
 *(.text)
 .text          0x080001ac       0x40 d:/chain/gcc-arm-none-eabi-10.3-2021.10-win32/gcc-arm-none-eabi-10.3-2021.10/bin/../lib/gcc/arm-none-eabi/10.3.1/thumb/v7e-m+fp/hard/crtbegin.o
 .text          0x080001ec       0x30 d:/chain/gcc-arm-none-eabi-10.3-2021.10-win32/gcc-arm-none-eabi-10.3-2021.10/bin/../lib/gcc/arm-none-eabi/10.3.1/thumb/v7e-m+fp/hard\libgcc.a(_aeabi_uldivmod.o)
                0x080001ec                __aeabi_uldivmod
 .text          0x0800021c      0x2d0 d:/chain/gcc-arm-none-eabi-10.3-2021.10-win32/gcc-arm-none-eabi-10.3-2021.10/bin/../lib/gcc/arm-none-eabi/10.3.1/thumb/v7e-m+fp/hard\libgcc.a(_udivmoddi4.o)
                0x0800021c                __udivmoddi4
 .text          0x080004ec        0x4 d:/chain/gcc-arm-none-eabi-10.3-2021.10-win32/gcc-arm-none-eabi-10.3-2021.10/bin/../lib/gcc/arm-none-eabi/10.3.1/thumb/v7e-m+fp/hard\libgcc.a(_dvmd_tls.o)
                0x080004ec                __aeabi_idiv0
                0x080004ec                __aeabi_ldiv0
 *(.text*)
 .text.Error_Handler
                0x080004f0        0x4 build/main.o
                0x080004f0                Error_Handler
 .text.SystemClock_Config
                0x080004f4       0xb4 build/main.o
                0x080004f4                SystemClock_Config
 .text.main     0x080005a8       0xa8 build/main.o
                0x080005a8                main
 .text.Emm_V5_En_Control
                0x08000650       0x2c build/Emm_V5.o
                0x08000650                Emm_V5_En_Control
 .text.Emm_V5_Pos_Control
                0x0800067c       0x54 build/Emm_V5.o
                0x0800067c                Emm_V5_Pos_Control
 .text.Emm_V5_Synchronous_motion
                0x080006d0       0x24 build/Emm_V5.o
                0x080006d0                Emm_V5_Synchronous_motion
 .text.MX_GPIO_Init
                0x080006f4       0x78 build/gpio.o
                0x080006f4                MX_GPIO_Init
 .text.MX_USART6_UART_Init
                0x0800076c       0x34 build/usart.o
                0x0800076c                MX_USART6_UART_Init
 .text.HAL_UART_MspInit
                0x080007a0       0xf8 build/usart.o
                0x080007a0                HAL_UART_MspInit
 .text.NMI_Handler
                0x08000898        0x2 build/stm32f4xx_it.o
                0x08000898                NMI_Handler
 .text.HardFault_Handler
                0x0800089a        0x2 build/stm32f4xx_it.o
                0x0800089a                HardFault_Handler
 .text.MemManage_Handler
                0x0800089c        0x2 build/stm32f4xx_it.o
                0x0800089c                MemManage_Handler
 .text.BusFault_Handler
                0x0800089e        0x2 build/stm32f4xx_it.o
                0x0800089e                BusFault_Handler
 .text.UsageFault_Handler
                0x080008a0        0x2 build/stm32f4xx_it.o
                0x080008a0                UsageFault_Handler
 .text.SVC_Handler
                0x080008a2        0x2 build/stm32f4xx_it.o
                0x080008a2                SVC_Handler
 .text.DebugMon_Handler
                0x080008a4        0x2 build/stm32f4xx_it.o
                0x080008a4                DebugMon_Handler
 .text.PendSV_Handler
                0x080008a6        0x2 build/stm32f4xx_it.o
                0x080008a6                PendSV_Handler
 .text.SysTick_Handler
                0x080008a8        0x8 build/stm32f4xx_it.o
                0x080008a8                SysTick_Handler
 .text.TIM6_DAC_IRQHandler
                0x080008b0       0x10 build/stm32f4xx_it.o
                0x080008b0                TIM6_DAC_IRQHandler
 .text.DMA2_Stream1_IRQHandler
                0x080008c0       0x10 build/stm32f4xx_it.o
                0x080008c0                DMA2_Stream1_IRQHandler
 .text.DMA2_Stream6_IRQHandler
                0x080008d0       0x10 build/stm32f4xx_it.o
                0x080008d0                DMA2_Stream6_IRQHandler
 .text.USART6_IRQHandler
                0x080008e0       0x10 build/stm32f4xx_it.o
                0x080008e0                USART6_IRQHandler
 .text.HAL_MspInit
                0x080008f0       0x38 build/stm32f4xx_hal_msp.o
                0x080008f0                HAL_MspInit
 .text.HAL_TIM_Base_Start_IT
                0x08000928       0x88 build/stm32f4xx_hal_tim.o
                0x08000928                HAL_TIM_Base_Start_IT
 .text.HAL_TIM_OC_DelayElapsedCallback
                0x080009b0        0x2 build/stm32f4xx_hal_tim.o
                0x080009b0                HAL_TIM_OC_DelayElapsedCallback
 .text.HAL_TIM_IC_CaptureCallback
                0x080009b2        0x2 build/stm32f4xx_hal_tim.o
                0x080009b2                HAL_TIM_IC_CaptureCallback
 .text.HAL_TIM_PWM_PulseFinishedCallback
                0x080009b4        0x2 build/stm32f4xx_hal_tim.o
                0x080009b4                HAL_TIM_PWM_PulseFinishedCallback
 .text.HAL_TIM_TriggerCallback
                0x080009b6        0x2 build/stm32f4xx_hal_tim.o
                0x080009b6                HAL_TIM_TriggerCallback
 .text.HAL_TIM_IRQHandler
                0x080009b8      0x15e build/stm32f4xx_hal_tim.o
                0x080009b8                HAL_TIM_IRQHandler
 *fill*         0x08000b16        0x2 
 .text.TIM_Base_SetConfig
                0x08000b18       0xd0 build/stm32f4xx_hal_tim.o
                0x08000b18                TIM_Base_SetConfig
 .text.HAL_TIM_Base_Init
                0x08000be8       0x58 build/stm32f4xx_hal_tim.o
                0x08000be8                HAL_TIM_Base_Init
 .text.HAL_TIMEx_MasterConfigSynchronization
                0x08000c40       0x8c build/stm32f4xx_hal_tim_ex.o
                0x08000c40                HAL_TIMEx_MasterConfigSynchronization
 .text.HAL_TIMEx_CommutCallback
                0x08000ccc        0x2 build/stm32f4xx_hal_tim_ex.o
                0x08000ccc                HAL_TIMEx_CommutCallback
 .text.HAL_TIMEx_BreakCallback
                0x08000cce        0x2 build/stm32f4xx_hal_tim_ex.o
                0x08000cce                HAL_TIMEx_BreakCallback
 .text.UART_EndTxTransfer
                0x08000cd0       0x20 build/stm32f4xx_hal_uart.o
 .text.UART_EndRxTransfer
                0x08000cf0       0x5c build/stm32f4xx_hal_uart.o
 .text.UART_Transmit_IT
                0x08000d4c       0x60 build/stm32f4xx_hal_uart.o
 .text.UART_SetConfig
                0x08000dac      0x110 build/stm32f4xx_hal_uart.o
 .text.HAL_UART_Init
                0x08000ebc       0x60 build/stm32f4xx_hal_uart.o
                0x08000ebc                HAL_UART_Init
 .text.HAL_UART_Transmit_DMA
                0x08000f1c       0x90 build/stm32f4xx_hal_uart.o
                0x08000f1c                HAL_UART_Transmit_DMA
 .text.HAL_UART_TxCpltCallback
                0x08000fac        0x2 build/stm32f4xx_hal_uart.o
                0x08000fac                HAL_UART_TxCpltCallback
 .text.UART_DMATransmitCplt
                0x08000fae       0x4c build/stm32f4xx_hal_uart.o
 .text.UART_EndTransmit_IT
                0x08000ffa       0x1a build/stm32f4xx_hal_uart.o
 .text.HAL_UART_TxHalfCpltCallback
                0x08001014        0x2 build/stm32f4xx_hal_uart.o
                0x08001014                HAL_UART_TxHalfCpltCallback
 .text.UART_DMATxHalfCplt
                0x08001016        0xa build/stm32f4xx_hal_uart.o
 .text.HAL_UART_RxCpltCallback
                0x08001020        0x2 build/stm32f4xx_hal_uart.o
                0x08001020                HAL_UART_RxCpltCallback
 .text.HAL_UART_ErrorCallback
                0x08001022        0x2 build/stm32f4xx_hal_uart.o
                0x08001022                HAL_UART_ErrorCallback
 .text.UART_DMAError
                0x08001024       0x58 build/stm32f4xx_hal_uart.o
 .text.UART_DMAAbortOnError
                0x0800107c        0xe build/stm32f4xx_hal_uart.o
 .text.HAL_UARTEx_RxEventCallback
                0x0800108a        0x2 build/stm32f4xx_hal_uart.o
                0x0800108a                HAL_UARTEx_RxEventCallback
 .text.UART_Receive_IT
                0x0800108c       0xe6 build/stm32f4xx_hal_uart.o
 *fill*         0x08001172        0x2 
 .text.HAL_UART_IRQHandler
                0x08001174      0x2a4 build/stm32f4xx_hal_uart.o
                0x08001174                HAL_UART_IRQHandler
 .text.HAL_RCC_OscConfig
                0x08001418      0x3f8 build/stm32f4xx_hal_rcc.o
                0x08001418                HAL_RCC_OscConfig
 .text.HAL_RCC_GetSysClockFreq
                0x08001810       0xa4 build/stm32f4xx_hal_rcc.o
                0x08001810                HAL_RCC_GetSysClockFreq
 .text.HAL_RCC_ClockConfig
                0x080018b4      0x160 build/stm32f4xx_hal_rcc.o
                0x080018b4                HAL_RCC_ClockConfig
 .text.HAL_RCC_GetHCLKFreq
                0x08001a14        0xc build/stm32f4xx_hal_rcc.o
                0x08001a14                HAL_RCC_GetHCLKFreq
 .text.HAL_RCC_GetPCLK1Freq
                0x08001a20       0x20 build/stm32f4xx_hal_rcc.o
                0x08001a20                HAL_RCC_GetPCLK1Freq
 .text.HAL_RCC_GetPCLK2Freq
                0x08001a40       0x20 build/stm32f4xx_hal_rcc.o
                0x08001a40                HAL_RCC_GetPCLK2Freq
 .text.HAL_GPIO_Init
                0x08001a60      0x1fc build/stm32f4xx_hal_gpio.o
                0x08001a60                HAL_GPIO_Init
 .text.HAL_GPIO_WritePin
                0x08001c5c        0xc build/stm32f4xx_hal_gpio.o
                0x08001c5c                HAL_GPIO_WritePin
 .text.HAL_GPIO_TogglePin
                0x08001c68       0x12 build/stm32f4xx_hal_gpio.o
                0x08001c68                HAL_GPIO_TogglePin
 .text.DMA_SetConfig
                0x08001c7a       0x2c build/stm32f4xx_hal_dma.o
 *fill*         0x08001ca6        0x2 
 .text.DMA_CalcBaseAndBitshift
                0x08001ca8       0x44 build/stm32f4xx_hal_dma.o
 .text.DMA_CheckFifoParam
                0x08001cec       0x8e build/stm32f4xx_hal_dma.o
 *fill*         0x08001d7a        0x2 
 .text.HAL_DMA_Init
                0x08001d7c       0xcc build/stm32f4xx_hal_dma.o
                0x08001d7c                HAL_DMA_Init
 .text.HAL_DMA_Start_IT
                0x08001e48       0x6a build/stm32f4xx_hal_dma.o
                0x08001e48                HAL_DMA_Start_IT
 .text.HAL_DMA_Abort
                0x08001eb2       0x94 build/stm32f4xx_hal_dma.o
                0x08001eb2                HAL_DMA_Abort
 .text.HAL_DMA_Abort_IT
                0x08001f46       0x26 build/stm32f4xx_hal_dma.o
                0x08001f46                HAL_DMA_Abort_IT
 .text.HAL_DMA_IRQHandler
                0x08001f6c      0x1dc build/stm32f4xx_hal_dma.o
                0x08001f6c                HAL_DMA_IRQHandler
 .text.HAL_PWREx_EnableOverDrive
                0x08002148       0x7c build/stm32f4xx_hal_pwr_ex.o
                0x08002148                HAL_PWREx_EnableOverDrive
 .text.HAL_NVIC_SetPriorityGrouping
                0x080021c4       0x24 build/stm32f4xx_hal_cortex.o
                0x080021c4                HAL_NVIC_SetPriorityGrouping
 .text.HAL_NVIC_SetPriority
                0x080021e8       0x70 build/stm32f4xx_hal_cortex.o
                0x080021e8                HAL_NVIC_SetPriority
 .text.HAL_NVIC_EnableIRQ
                0x08002258       0x1c build/stm32f4xx_hal_cortex.o
                0x08002258                HAL_NVIC_EnableIRQ
 .text.HAL_SYSTICK_Config
                0x08002274       0x28 build/stm32f4xx_hal_cortex.o
                0x08002274                HAL_SYSTICK_Config
 .text.HAL_InitTick
                0x0800229c       0x4c build/stm32f4xx_hal.o
                0x0800229c                HAL_InitTick
 .text.HAL_Init
                0x080022e8       0x34 build/stm32f4xx_hal.o
                0x080022e8                HAL_Init
 .text.HAL_IncTick
                0x0800231c       0x18 build/stm32f4xx_hal.o
                0x0800231c                HAL_IncTick
 .text.HAL_GetTick
                0x08002334        0xc build/stm32f4xx_hal.o
                0x08002334                HAL_GetTick
 .text.HAL_Delay
                0x08002340       0x28 build/stm32f4xx_hal.o
                0x08002340                HAL_Delay
 .text.SystemInit
                0x08002368       0x14 build/system_stm32f4xx.o
                0x08002368                SystemInit
 .text.MX_DMA_Init
                0x0800237c       0x44 build/dma.o
                0x0800237c                MX_DMA_Init
 .text.MX_TIM6_Init
                0x080023c0       0x50 build/tim.o
                0x080023c0                MX_TIM6_Init
 .text.HAL_TIM_Base_MspInit
                0x08002410       0x40 build/tim.o
                0x08002410                HAL_TIM_Base_MspInit
 .text.HAL_TIM_PeriodElapsedCallback
                0x08002450       0x48 build/tim.o
                0x08002450                HAL_TIM_PeriodElapsedCallback
 .text.Reset_Handler
                0x08002498       0x50 build/startup_stm32f427xx.o
                0x08002498                Reset_Handler
 .text.Default_Handler
                0x080024e8        0x2 build/startup_stm32f427xx.o
                0x080024e8                RTC_Alarm_IRQHandler
                0x080024e8                HASH_RNG_IRQHandler
                0x080024e8                EXTI2_IRQHandler
                0x080024e8                TIM8_CC_IRQHandler
                0x080024e8                UART8_IRQHandler
                0x080024e8                SPI4_IRQHandler
                0x080024e8                TIM1_CC_IRQHandler
                0x080024e8                DMA2_Stream5_IRQHandler
                0x080024e8                DMA1_Stream5_IRQHandler
                0x080024e8                PVD_IRQHandler
                0x080024e8                SDIO_IRQHandler
                0x080024e8                TAMP_STAMP_IRQHandler
                0x080024e8                CAN2_RX1_IRQHandler
                0x080024e8                EXTI3_IRQHandler
                0x080024e8                TIM8_TRG_COM_TIM14_IRQHandler
                0x080024e8                TIM1_UP_TIM10_IRQHandler
                0x080024e8                TIM8_UP_TIM13_IRQHandler
                0x080024e8                I2C3_ER_IRQHandler
                0x080024e8                EXTI0_IRQHandler
                0x080024e8                I2C2_EV_IRQHandler
                0x080024e8                DMA1_Stream2_IRQHandler
                0x080024e8                CAN1_RX0_IRQHandler
                0x080024e8                FPU_IRQHandler
                0x080024e8                OTG_HS_WKUP_IRQHandler
                0x080024e8                CAN2_SCE_IRQHandler
                0x080024e8                DMA2_Stream2_IRQHandler
                0x080024e8                SPI1_IRQHandler
                0x080024e8                TIM1_BRK_TIM9_IRQHandler
                0x080024e8                DCMI_IRQHandler
                0x080024e8                CAN2_RX0_IRQHandler
                0x080024e8                DMA2_Stream3_IRQHandler
                0x080024e8                USART3_IRQHandler
                0x080024e8                CAN1_RX1_IRQHandler
                0x080024e8                UART5_IRQHandler
                0x080024e8                DMA2_Stream0_IRQHandler
                0x080024e8                TIM4_IRQHandler
                0x080024e8                I2C1_EV_IRQHandler
                0x080024e8                DMA1_Stream6_IRQHandler
                0x080024e8                DMA1_Stream1_IRQHandler
                0x080024e8                UART4_IRQHandler
                0x080024e8                TIM3_IRQHandler
                0x080024e8                RCC_IRQHandler
                0x080024e8                TIM8_BRK_TIM12_IRQHandler
                0x080024e8                Default_Handler
                0x080024e8                EXTI15_10_IRQHandler
                0x080024e8                ADC_IRQHandler
                0x080024e8                DMA1_Stream7_IRQHandler
                0x080024e8                SPI5_IRQHandler
                0x080024e8                TIM7_IRQHandler
                0x080024e8                CAN2_TX_IRQHandler
                0x080024e8                TIM5_IRQHandler
                0x080024e8                DMA2_Stream7_IRQHandler
                0x080024e8                I2C3_EV_IRQHandler
                0x080024e8                EXTI9_5_IRQHandler
                0x080024e8                RTC_WKUP_IRQHandler
                0x080024e8                ETH_WKUP_IRQHandler
                0x080024e8                SPI2_IRQHandler
                0x080024e8                OTG_HS_EP1_IN_IRQHandler
                0x080024e8                DMA1_Stream0_IRQHandler
                0x080024e8                CAN1_TX_IRQHandler
                0x080024e8                EXTI4_IRQHandler
                0x080024e8                ETH_IRQHandler
                0x080024e8                OTG_HS_EP1_OUT_IRQHandler
                0x080024e8                WWDG_IRQHandler
                0x080024e8                SPI6_IRQHandler
                0x080024e8                TIM2_IRQHandler
                0x080024e8                OTG_FS_WKUP_IRQHandler
                0x080024e8                TIM1_TRG_COM_TIM11_IRQHandler
                0x080024e8                OTG_HS_IRQHandler
                0x080024e8                DMA2D_IRQHandler
                0x080024e8                EXTI1_IRQHandler
                0x080024e8                UART7_IRQHandler
                0x080024e8                USART2_IRQHandler
                0x080024e8                I2C2_ER_IRQHandler
                0x080024e8                CAN1_SCE_IRQHandler
                0x080024e8                FLASH_IRQHandler
                0x080024e8                DMA2_Stream4_IRQHandler
                0x080024e8                USART1_IRQHandler
                0x080024e8                OTG_FS_IRQHandler
                0x080024e8                SPI3_IRQHandler
                0x080024e8                DMA1_Stream4_IRQHandler
                0x080024e8                I2C1_ER_IRQHandler
                0x080024e8                FMC_IRQHandler
                0x080024e8                SAI1_IRQHandler
                0x080024e8                DMA1_Stream3_IRQHandler
 *fill*         0x080024ea        0x2 
 .text.__libc_init_array
                0x080024ec       0x48 d:/chain/gcc-arm-none-eabi-10.3-2021.10-win32/gcc-arm-none-eabi-10.3-2021.10/bin/../lib/gcc/arm-none-eabi/10.3.1/../../../../arm-none-eabi/lib/thumb/v7e-m+fp/hard\libc_nano.a(lib_a-init.o)
                0x080024ec                __libc_init_array
 .text.memset   0x08002534       0x10 d:/chain/gcc-arm-none-eabi-10.3-2021.10-win32/gcc-arm-none-eabi-10.3-2021.10/bin/../lib/gcc/arm-none-eabi/10.3.1/../../../../arm-none-eabi/lib/thumb/v7e-m+fp/hard\libc_nano.a(lib_a-memset.o)
                0x08002534                memset
 *(.glue_7)
 .glue_7        0x08002544        0x0 linker stubs
 *(.glue_7t)
 .glue_7t       0x08002544        0x0 linker stubs
 *(.eh_frame)
 .eh_frame      0x08002544        0x0 d:/chain/gcc-arm-none-eabi-10.3-2021.10-win32/gcc-arm-none-eabi-10.3-2021.10/bin/../lib/gcc/arm-none-eabi/10.3.1/thumb/v7e-m+fp/hard/crtbegin.o
 *(.init)
 .init          0x08002544        0x4 d:/chain/gcc-arm-none-eabi-10.3-2021.10-win32/gcc-arm-none-eabi-10.3-2021.10/bin/../lib/gcc/arm-none-eabi/10.3.1/thumb/v7e-m+fp/hard/crti.o
                0x08002544                _init
 .init          0x08002548        0x8 d:/chain/gcc-arm-none-eabi-10.3-2021.10-win32/gcc-arm-none-eabi-10.3-2021.10/bin/../lib/gcc/arm-none-eabi/10.3.1/thumb/v7e-m+fp/hard/crtn.o
 *(.fini)
 .fini          0x08002550        0x4 d:/chain/gcc-arm-none-eabi-10.3-2021.10-win32/gcc-arm-none-eabi-10.3-2021.10/bin/../lib/gcc/arm-none-eabi/10.3.1/thumb/v7e-m+fp/hard/crti.o
                0x08002550                _fini
 .fini          0x08002554        0x8 d:/chain/gcc-arm-none-eabi-10.3-2021.10-win32/gcc-arm-none-eabi-10.3-2021.10/bin/../lib/gcc/arm-none-eabi/10.3.1/thumb/v7e-m+fp/hard/crtn.o
                0x0800255c                . = ALIGN (0x4)
                0x0800255c                _etext = .

.vfp11_veneer   0x0800255c        0x0
 .vfp11_veneer  0x0800255c        0x0 linker stubs

.v4_bx          0x0800255c        0x0
 .v4_bx         0x0800255c        0x0 linker stubs

.iplt           0x0800255c        0x0
 .iplt          0x0800255c        0x0 d:/chain/gcc-arm-none-eabi-10.3-2021.10-win32/gcc-arm-none-eabi-10.3-2021.10/bin/../lib/gcc/arm-none-eabi/10.3.1/thumb/v7e-m+fp/hard/crtbegin.o

.rodata         0x0800255c       0x20
                0x0800255c                . = ALIGN (0x4)
 *(.rodata)
 *(.rodata*)
 .rodata.flagBitshiftOffset.0
                0x0800255c        0x8 build/stm32f4xx_hal_dma.o
 .rodata.AHBPrescTable
                0x08002564       0x10 build/system_stm32f4xx.o
                0x08002564                AHBPrescTable
 .rodata.APBPrescTable
                0x08002574        0x8 build/system_stm32f4xx.o
                0x08002574                APBPrescTable
                0x0800257c                . = ALIGN (0x4)

.ARM.extab
 *(.ARM.extab* .gnu.linkonce.armextab.*)

.ARM            0x0800257c        0x8
                0x0800257c                __exidx_start = .
 *(.ARM.exidx*)
 .ARM.exidx     0x0800257c        0x8 d:/chain/gcc-arm-none-eabi-10.3-2021.10-win32/gcc-arm-none-eabi-10.3-2021.10/bin/../lib/gcc/arm-none-eabi/10.3.1/thumb/v7e-m+fp/hard\libgcc.a(_udivmoddi4.o)
                0x08002584                __exidx_end = .

.rel.dyn        0x08002584        0x0
 .rel.iplt      0x08002584        0x0 d:/chain/gcc-arm-none-eabi-10.3-2021.10-win32/gcc-arm-none-eabi-10.3-2021.10/bin/../lib/gcc/arm-none-eabi/10.3.1/thumb/v7e-m+fp/hard/crtbegin.o

.preinit_array  0x08002584        0x0
                0x08002584                PROVIDE (__preinit_array_start = .)
 *(.preinit_array*)
                0x08002584                PROVIDE (__preinit_array_end = .)

.init_array     0x08002584        0x4
                0x08002584                PROVIDE (__init_array_start = .)
 *(SORT_BY_NAME(.init_array.*))
 *(.init_array*)
 .init_array    0x08002584        0x4 d:/chain/gcc-arm-none-eabi-10.3-2021.10-win32/gcc-arm-none-eabi-10.3-2021.10/bin/../lib/gcc/arm-none-eabi/10.3.1/thumb/v7e-m+fp/hard/crtbegin.o
                0x08002588                PROVIDE (__init_array_end = .)

.fini_array     0x08002588        0x4
                [!provide]                PROVIDE (__fini_array_start = .)
 *(SORT_BY_NAME(.fini_array.*))
 *(.fini_array*)
 .fini_array    0x08002588        0x4 d:/chain/gcc-arm-none-eabi-10.3-2021.10-win32/gcc-arm-none-eabi-10.3-2021.10/bin/../lib/gcc/arm-none-eabi/10.3.1/thumb/v7e-m+fp/hard/crtbegin.o
                [!provide]                PROVIDE (__fini_array_end = .)
                0x0800258c                _sidata = LOADADDR (.data)

.data           0x20000000        0xc load address 0x0800258c
                0x20000000                . = ALIGN (0x4)
                0x20000000                _sdata = .
 *(.data)
 *(.data*)
 .data.uwTickFreq
                0x20000000        0x1 build/stm32f4xx_hal.o
                0x20000000                uwTickFreq
 *fill*         0x20000001        0x3 
 .data.uwTickPrio
                0x20000004        0x4 build/stm32f4xx_hal.o
                0x20000004                uwTickPrio
 .data.SystemCoreClock
                0x20000008        0x4 build/system_stm32f4xx.o
                0x20000008                SystemCoreClock
                0x2000000c                . = ALIGN (0x4)
                0x2000000c                _edata = .
                0x08002598                _siccmram = LOADADDR (.ccmram)

.igot.plt       0x2000000c        0x0 load address 0x08002598
 .igot.plt      0x2000000c        0x0 d:/chain/gcc-arm-none-eabi-10.3-2021.10-win32/gcc-arm-none-eabi-10.3-2021.10/bin/../lib/gcc/arm-none-eabi/10.3.1/thumb/v7e-m+fp/hard/crtbegin.o

.ccmram         0x10000000        0x0 load address 0x08002598
                0x10000000                . = ALIGN (0x4)
                0x10000000                _sccmram = .
 *(.ccmram)
 *(.ccmram*)
                0x10000000                . = ALIGN (0x4)
                0x10000000                _eccmram = .
                0x10000000                . = ALIGN (0x4)

.bss            0x2000000c      0x1a8
                0x2000000c                _sbss = .
                0x2000000c                __bss_start__ = _sbss
 *(.bss)
 .bss           0x2000000c       0x1c d:/chain/gcc-arm-none-eabi-10.3-2021.10-win32/gcc-arm-none-eabi-10.3-2021.10/bin/../lib/gcc/arm-none-eabi/10.3.1/thumb/v7e-m+fp/hard/crtbegin.o
 *(.bss*)
 .bss.cmd.37    0x20000028       0x10 build/Emm_V5.o
 .bss.cmd.41    0x20000038       0x10 build/Emm_V5.o
 .bss.cmd.43    0x20000048       0x10 build/Emm_V5.o
 .bss.hdma_usart6_rx
                0x20000058       0x60 build/usart.o
                0x20000058                hdma_usart6_rx
 .bss.hdma_usart6_tx
                0x200000b8       0x60 build/usart.o
                0x200000b8                hdma_usart6_tx
 .bss.huart6    0x20000118       0x48 build/usart.o
                0x20000118                huart6
 .bss.uwTick    0x20000160        0x4 build/stm32f4xx_hal.o
                0x20000160                uwTick
 .bss.count     0x20000164        0x4 build/tim.o
                0x20000164                count
 .bss.flag      0x20000168        0x4 build/tim.o
                0x20000168                flag
 .bss.htim6     0x2000016c       0x48 build/tim.o
                0x2000016c                htim6
 *(COMMON)
                0x200001b4                . = ALIGN (0x4)
                0x200001b4                _ebss = .
                0x200001b4                __bss_end__ = _ebss

._user_heap_stack
                0x200001b4      0x604
                0x200001b8                . = ALIGN (0x8)
 *fill*         0x200001b4        0x4 
                [!provide]                PROVIDE (end = .)
                0x200001b8                PROVIDE (_end = .)
                0x200003b8                . = (. + _Min_Heap_Size)
 *fill*         0x200001b8      0x200 
                0x200007b8                . = (. + _Min_Stack_Size)
 *fill*         0x200003b8      0x400 
                0x200007b8                . = ALIGN (0x8)

/DISCARD/
 libc.a(*)
 libm.a(*)
 libgcc.a(*)

.ARM.attributes
                0x00000000       0x30
 *(.ARM.attributes)
 .ARM.attributes
                0x00000000       0x1e d:/chain/gcc-arm-none-eabi-10.3-2021.10-win32/gcc-arm-none-eabi-10.3-2021.10/bin/../lib/gcc/arm-none-eabi/10.3.1/thumb/v7e-m+fp/hard/crti.o
 .ARM.attributes
                0x0000001e       0x34 d:/chain/gcc-arm-none-eabi-10.3-2021.10-win32/gcc-arm-none-eabi-10.3-2021.10/bin/../lib/gcc/arm-none-eabi/10.3.1/thumb/v7e-m+fp/hard/crtbegin.o
 .ARM.attributes
                0x00000052       0x34 build/main.o
 .ARM.attributes
                0x00000086       0x34 build/Emm_V5.o
 .ARM.attributes
                0x000000ba       0x34 build/gpio.o
 .ARM.attributes
                0x000000ee       0x34 build/usart.o
 .ARM.attributes
                0x00000122       0x34 build/stm32f4xx_it.o
 .ARM.attributes
                0x00000156       0x34 build/stm32f4xx_hal_msp.o
 .ARM.attributes
                0x0000018a       0x34 build/stm32f4xx_hal_tim.o
 .ARM.attributes
                0x000001be       0x34 build/stm32f4xx_hal_tim_ex.o
 .ARM.attributes
                0x000001f2       0x34 build/stm32f4xx_hal_uart.o
 .ARM.attributes
                0x00000226       0x34 build/stm32f4xx_hal_rcc.o
 .ARM.attributes
                0x0000025a       0x34 build/stm32f4xx_hal_gpio.o
 .ARM.attributes
                0x0000028e       0x34 build/stm32f4xx_hal_dma.o
 .ARM.attributes
                0x000002c2       0x34 build/stm32f4xx_hal_pwr_ex.o
 .ARM.attributes
                0x000002f6       0x34 build/stm32f4xx_hal_cortex.o
 .ARM.attributes
                0x0000032a       0x34 build/stm32f4xx_hal.o
 .ARM.attributes
                0x0000035e       0x34 build/system_stm32f4xx.o
 .ARM.attributes
                0x00000392       0x34 build/dma.o
 .ARM.attributes
                0x000003c6       0x34 build/tim.o
 .ARM.attributes
                0x000003fa       0x21 build/startup_stm32f427xx.o
 .ARM.attributes
                0x0000041b       0x34 d:/chain/gcc-arm-none-eabi-10.3-2021.10-win32/gcc-arm-none-eabi-10.3-2021.10/bin/../lib/gcc/arm-none-eabi/10.3.1/../../../../arm-none-eabi/lib/thumb/v7e-m+fp/hard\libc_nano.a(lib_a-init.o)
 .ARM.attributes
                0x0000044f       0x34 d:/chain/gcc-arm-none-eabi-10.3-2021.10-win32/gcc-arm-none-eabi-10.3-2021.10/bin/../lib/gcc/arm-none-eabi/10.3.1/../../../../arm-none-eabi/lib/thumb/v7e-m+fp/hard\libc_nano.a(lib_a-memset.o)
 .ARM.attributes
                0x00000483       0x1e d:/chain/gcc-arm-none-eabi-10.3-2021.10-win32/gcc-arm-none-eabi-10.3-2021.10/bin/../lib/gcc/arm-none-eabi/10.3.1/thumb/v7e-m+fp/hard\libgcc.a(_aeabi_uldivmod.o)
 .ARM.attributes
                0x000004a1       0x34 d:/chain/gcc-arm-none-eabi-10.3-2021.10-win32/gcc-arm-none-eabi-10.3-2021.10/bin/../lib/gcc/arm-none-eabi/10.3.1/thumb/v7e-m+fp/hard\libgcc.a(_udivmoddi4.o)
 .ARM.attributes
                0x000004d5       0x1e d:/chain/gcc-arm-none-eabi-10.3-2021.10-win32/gcc-arm-none-eabi-10.3-2021.10/bin/../lib/gcc/arm-none-eabi/10.3.1/thumb/v7e-m+fp/hard\libgcc.a(_dvmd_tls.o)
 .ARM.attributes
                0x000004f3       0x1e d:/chain/gcc-arm-none-eabi-10.3-2021.10-win32/gcc-arm-none-eabi-10.3-2021.10/bin/../lib/gcc/arm-none-eabi/10.3.1/thumb/v7e-m+fp/hard/crtn.o
OUTPUT(build/Emm42.elf elf32-littlearm)
LOAD linker stubs
LOAD d:/chain/gcc-arm-none-eabi-10.3-2021.10-win32/gcc-arm-none-eabi-10.3-2021.10/bin/../lib/gcc/arm-none-eabi/10.3.1/../../../../arm-none-eabi/lib/thumb/v7e-m+fp/hard\libc.a
LOAD d:/chain/gcc-arm-none-eabi-10.3-2021.10-win32/gcc-arm-none-eabi-10.3-2021.10/bin/../lib/gcc/arm-none-eabi/10.3.1/../../../../arm-none-eabi/lib/thumb/v7e-m+fp/hard\libm.a
LOAD d:/chain/gcc-arm-none-eabi-10.3-2021.10-win32/gcc-arm-none-eabi-10.3-2021.10/bin/../lib/gcc/arm-none-eabi/10.3.1/thumb/v7e-m+fp/hard\libgcc.a

.debug_info     0x00000000    0x15a8e
 .debug_info    0x00000000      0xf5e build/main.o
 .debug_info    0x00000f5e     0x2957 build/Emm_V5.o
 .debug_info    0x000038b5      0x4e3 build/gpio.o
 .debug_info    0x00003d98      0xe5f build/usart.o
 .debug_info    0x00004bf7      0xb87 build/stm32f4xx_it.o
 .debug_info    0x0000577e      0x30d build/stm32f4xx_hal_msp.o
 .debug_info    0x00005a8b     0x40cc build/stm32f4xx_hal_tim.o
 .debug_info    0x00009b57     0x1c8f build/stm32f4xx_hal_tim_ex.o
 .debug_info    0x0000b7e6     0x4346 build/stm32f4xx_hal_uart.o
 .debug_info    0x0000fb2c      0xc1e build/stm32f4xx_hal_rcc.o
 .debug_info    0x0001074a      0x86a build/stm32f4xx_hal_gpio.o
 .debug_info    0x00010fb4      0xbd1 build/stm32f4xx_hal_dma.o
 .debug_info    0x00011b85      0x85e build/stm32f4xx_hal_pwr_ex.o
 .debug_info    0x000123e3     0x11f0 build/stm32f4xx_hal_cortex.o
 .debug_info    0x000135d3      0xb49 build/stm32f4xx_hal.o
 .debug_info    0x0001411c      0x5d5 build/system_stm32f4xx.o
 .debug_info    0x000146f1      0x5c9 build/dma.o
 .debug_info    0x00014cba      0xdb2 build/tim.o
 .debug_info    0x00015a6c       0x22 build/startup_stm32f427xx.o

.debug_abbrev   0x00000000     0x2639
 .debug_abbrev  0x00000000      0x23a build/main.o
 .debug_abbrev  0x0000023a      0x244 build/Emm_V5.o
 .debug_abbrev  0x0000047e      0x151 build/gpio.o
 .debug_abbrev  0x000005cf      0x1fa build/usart.o
 .debug_abbrev  0x000007c9      0x197 build/stm32f4xx_it.o
 .debug_abbrev  0x00000960       0xd3 build/stm32f4xx_hal_msp.o
 .debug_abbrev  0x00000a33      0x289 build/stm32f4xx_hal_tim.o
 .debug_abbrev  0x00000cbc      0x29f build/stm32f4xx_hal_tim_ex.o
 .debug_abbrev  0x00000f5b      0x34d build/stm32f4xx_hal_uart.o
 .debug_abbrev  0x000012a8      0x2aa build/stm32f4xx_hal_rcc.o
 .debug_abbrev  0x00001552      0x22b build/stm32f4xx_hal_gpio.o
 .debug_abbrev  0x0000177d      0x2ff build/stm32f4xx_hal_dma.o
 .debug_abbrev  0x00001a7c      0x1c3 build/stm32f4xx_hal_pwr_ex.o
 .debug_abbrev  0x00001c3f      0x379 build/stm32f4xx_hal_cortex.o
 .debug_abbrev  0x00001fb8      0x209 build/stm32f4xx_hal.o
 .debug_abbrev  0x000021c1      0x11b build/system_stm32f4xx.o
 .debug_abbrev  0x000022dc      0x129 build/dma.o
 .debug_abbrev  0x00002405      0x222 build/tim.o
 .debug_abbrev  0x00002627       0x12 build/startup_stm32f427xx.o

.debug_loc      0x00000000    0x12c1f
 .debug_loc     0x00000000       0x72 build/main.o
 .debug_loc     0x00000072     0x3637 build/Emm_V5.o
 .debug_loc     0x000036a9       0x38 build/gpio.o
 .debug_loc     0x000036e1       0xf5 build/usart.o
 .debug_loc     0x000037d6       0xa0 build/stm32f4xx_it.o
 .debug_loc     0x00003876       0x2c build/stm32f4xx_hal_msp.o
 .debug_loc     0x000038a2     0x5bd3 build/stm32f4xx_hal_tim.o
 .debug_loc     0x00009475     0x212a build/stm32f4xx_hal_tim_ex.o
 .debug_loc     0x0000b59f     0x4d51 build/stm32f4xx_hal_uart.o
 .debug_loc     0x000102f0      0x6e4 build/stm32f4xx_hal_rcc.o
 .debug_loc     0x000109d4      0x5e8 build/stm32f4xx_hal_gpio.o
 .debug_loc     0x00010fbc      0xd6d build/stm32f4xx_hal_dma.o
 .debug_loc     0x00011d29      0x378 build/stm32f4xx_hal_pwr_ex.o
 .debug_loc     0x000120a1      0x7a4 build/stm32f4xx_hal_cortex.o
 .debug_loc     0x00012845      0x1e1 build/stm32f4xx_hal.o
 .debug_loc     0x00012a26       0xbe build/system_stm32f4xx.o
 .debug_loc     0x00012ae4       0x38 build/dma.o
 .debug_loc     0x00012b1c      0x103 build/tim.o

.debug_aranges  0x00000000      0xed0
 .debug_aranges
                0x00000000       0x30 build/main.o
 .debug_aranges
                0x00000030      0x238 build/Emm_V5.o
 .debug_aranges
                0x00000268       0x20 build/gpio.o
 .debug_aranges
                0x00000288       0x30 build/usart.o
 .debug_aranges
                0x000002b8       0x80 build/stm32f4xx_it.o
 .debug_aranges
                0x00000338       0x20 build/stm32f4xx_hal_msp.o
 .debug_aranges
                0x00000358      0x3d0 build/stm32f4xx_hal_tim.o
 .debug_aranges
                0x00000728      0x168 build/stm32f4xx_hal_tim_ex.o
 .debug_aranges
                0x00000890      0x208 build/stm32f4xx_hal_uart.o
 .debug_aranges
                0x00000a98       0x88 build/stm32f4xx_hal_rcc.o
 .debug_aranges
                0x00000b20       0x58 build/stm32f4xx_hal_gpio.o
 .debug_aranges
                0x00000b78       0x90 build/stm32f4xx_hal_dma.o
 .debug_aranges
                0x00000c08       0x60 build/stm32f4xx_hal_pwr_ex.o
 .debug_aranges
                0x00000c68       0xc0 build/stm32f4xx_hal_cortex.o
 .debug_aranges
                0x00000d28      0x100 build/stm32f4xx_hal.o
 .debug_aranges
                0x00000e28       0x28 build/system_stm32f4xx.o
 .debug_aranges
                0x00000e50       0x20 build/dma.o
 .debug_aranges
                0x00000e70       0x38 build/tim.o
 .debug_aranges
                0x00000ea8       0x28 build/startup_stm32f427xx.o

.debug_ranges   0x00000000      0xe20
 .debug_ranges  0x00000000       0x20 build/main.o
 .debug_ranges  0x00000020      0x228 build/Emm_V5.o
 .debug_ranges  0x00000248       0x10 build/gpio.o
 .debug_ranges  0x00000258       0x20 build/usart.o
 .debug_ranges  0x00000278       0x70 build/stm32f4xx_it.o
 .debug_ranges  0x000002e8       0x10 build/stm32f4xx_hal_msp.o
 .debug_ranges  0x000002f8      0x3c0 build/stm32f4xx_hal_tim.o
 .debug_ranges  0x000006b8      0x158 build/stm32f4xx_hal_tim_ex.o
 .debug_ranges  0x00000810      0x1f8 build/stm32f4xx_hal_uart.o
 .debug_ranges  0x00000a08       0x90 build/stm32f4xx_hal_rcc.o
 .debug_ranges  0x00000a98       0x48 build/stm32f4xx_hal_gpio.o
 .debug_ranges  0x00000ae0       0x80 build/stm32f4xx_hal_dma.o
 .debug_ranges  0x00000b60       0x50 build/stm32f4xx_hal_pwr_ex.o
 .debug_ranges  0x00000bb0      0x110 build/stm32f4xx_hal_cortex.o
 .debug_ranges  0x00000cc0       0xf0 build/stm32f4xx_hal.o
 .debug_ranges  0x00000db0       0x18 build/system_stm32f4xx.o
 .debug_ranges  0x00000dc8       0x10 build/dma.o
 .debug_ranges  0x00000dd8       0x28 build/tim.o
 .debug_ranges  0x00000e00       0x20 build/startup_stm32f427xx.o

.debug_line     0x00000000    0x11b73
 .debug_line    0x00000000      0x3e9 build/main.o
 .debug_line    0x000003e9     0x2649 build/Emm_V5.o
 .debug_line    0x00002a32      0x1ea build/gpio.o
 .debug_line    0x00002c1c      0x3df build/usart.o
 .debug_line    0x00002ffb      0x368 build/stm32f4xx_it.o
 .debug_line    0x00003363      0x18f build/stm32f4xx_hal_msp.o
 .debug_line    0x000034f2     0x4afe build/stm32f4xx_hal_tim.o
 .debug_line    0x00007ff0     0x1ce4 build/stm32f4xx_hal_tim_ex.o
 .debug_line    0x00009cd4     0x432e build/stm32f4xx_hal_uart.o
 .debug_line    0x0000e002      0xb7c build/stm32f4xx_hal_rcc.o
 .debug_line    0x0000eb7e      0x72a build/stm32f4xx_hal_gpio.o
 .debug_line    0x0000f2a8      0xe59 build/stm32f4xx_hal_dma.o
 .debug_line    0x00010101      0x4e6 build/stm32f4xx_hal_pwr_ex.o
 .debug_line    0x000105e7      0x7e0 build/stm32f4xx_hal_cortex.o
 .debug_line    0x00010dc7      0x5d1 build/stm32f4xx_hal.o
 .debug_line    0x00011398      0x284 build/system_stm32f4xx.o
 .debug_line    0x0001161c      0x1b9 build/dma.o
 .debug_line    0x000117d5      0x328 build/tim.o
 .debug_line    0x00011afd       0x76 build/startup_stm32f427xx.o

.debug_str      0x00000000     0x45da
 .debug_str     0x00000000      0x9d7 build/main.o
                                0xa97 (size before relaxing)
 .debug_str     0x000009d7      0x9bb build/Emm_V5.o
                                0xe14 (size before relaxing)
 .debug_str     0x00001392       0x82 build/gpio.o
                                0x361 (size before relaxing)
 .debug_str     0x00001414      0x60f build/usart.o
                                0xdca (size before relaxing)
 .debug_str     0x00001a23      0x144 build/stm32f4xx_it.o
                                0xa24 (size before relaxing)
 .debug_str     0x00001b67       0x29 build/stm32f4xx_hal_msp.o
                                0x2b0 (size before relaxing)
 .debug_str     0x00001b90      0xf37 build/stm32f4xx_hal_tim.o
                               0x16ab (size before relaxing)
 .debug_str     0x00002ac7      0x591 build/stm32f4xx_hal_tim_ex.o
                                0xe9c (size before relaxing)
 .debug_str     0x00003058      0x66c build/stm32f4xx_hal_uart.o
                                0xd7d (size before relaxing)
 .debug_str     0x000036c4      0x1c8 build/stm32f4xx_hal_rcc.o
                                0x6fb (size before relaxing)
 .debug_str     0x0000388c      0x112 build/stm32f4xx_hal_gpio.o
                                0x4d5 (size before relaxing)
 .debug_str     0x0000399e      0x290 build/stm32f4xx_hal_dma.o
                                0x758 (size before relaxing)
 .debug_str     0x00003c2e      0x18f build/stm32f4xx_hal_pwr_ex.o
                                0x4c0 (size before relaxing)
 .debug_str     0x00003dbd      0x4b5 build/stm32f4xx_hal_cortex.o
                                0xca4 (size before relaxing)
 .debug_str     0x00004272      0x2d0 build/stm32f4xx_hal.o
                                0xbd7 (size before relaxing)
 .debug_str     0x00004542       0x47 build/system_stm32f4xx.o
                                0x36a (size before relaxing)
 .debug_str     0x00004589        0xf build/dma.o
                                0x805 (size before relaxing)
 .debug_str     0x00004598       0x1e build/tim.o
                                0xe60 (size before relaxing)
 .debug_str     0x000045b6       0x24 build/startup_stm32f427xx.o
                                 0x4c (size before relaxing)

.comment        0x00000000       0x49
 .comment       0x00000000       0x49 build/main.o
                                 0x4a (size before relaxing)
 .comment       0x00000049       0x4a build/Emm_V5.o
 .comment       0x00000049       0x4a build/gpio.o
 .comment       0x00000049       0x4a build/usart.o
 .comment       0x00000049       0x4a build/stm32f4xx_it.o
 .comment       0x00000049       0x4a build/stm32f4xx_hal_msp.o
 .comment       0x00000049       0x4a build/stm32f4xx_hal_tim.o
 .comment       0x00000049       0x4a build/stm32f4xx_hal_tim_ex.o
 .comment       0x00000049       0x4a build/stm32f4xx_hal_uart.o
 .comment       0x00000049       0x4a build/stm32f4xx_hal_rcc.o
 .comment       0x00000049       0x4a build/stm32f4xx_hal_gpio.o
 .comment       0x00000049       0x4a build/stm32f4xx_hal_dma.o
 .comment       0x00000049       0x4a build/stm32f4xx_hal_pwr_ex.o
 .comment       0x00000049       0x4a build/stm32f4xx_hal_cortex.o
 .comment       0x00000049       0x4a build/stm32f4xx_hal.o
 .comment       0x00000049       0x4a build/system_stm32f4xx.o
 .comment       0x00000049       0x4a build/dma.o
 .comment       0x00000049       0x4a build/tim.o

.debug_frame    0x00000000     0x278c
 .debug_frame   0x00000000       0x58 build/main.o
 .debug_frame   0x00000058      0x6a8 build/Emm_V5.o
 .debug_frame   0x00000700       0x30 build/gpio.o
 .debug_frame   0x00000730       0x64 build/usart.o
 .debug_frame   0x00000794      0x108 build/stm32f4xx_it.o
 .debug_frame   0x0000089c       0x28 build/stm32f4xx_hal_msp.o
 .debug_frame   0x000008c4      0xb10 build/stm32f4xx_hal_tim.o
 .debug_frame   0x000013d4      0x40c build/stm32f4xx_hal_tim_ex.o
 .debug_frame   0x000017e0      0x5e8 build/stm32f4xx_hal_uart.o
 .debug_frame   0x00001dc8      0x16c build/stm32f4xx_hal_rcc.o
 .debug_frame   0x00001f34       0xd8 build/stm32f4xx_hal_gpio.o
 .debug_frame   0x0000200c      0x188 build/stm32f4xx_hal_dma.o
 .debug_frame   0x00002194       0xf4 build/stm32f4xx_hal_pwr_ex.o
 .debug_frame   0x00002288      0x178 build/stm32f4xx_hal_cortex.o
 .debug_frame   0x00002400      0x20c build/stm32f4xx_hal.o
 .debug_frame   0x0000260c       0x30 build/system_stm32f4xx.o
 .debug_frame   0x0000263c       0x30 build/dma.o
 .debug_frame   0x0000266c       0x74 build/tim.o
 .debug_frame   0x000026e0       0x2c d:/chain/gcc-arm-none-eabi-10.3-2021.10-win32/gcc-arm-none-eabi-10.3-2021.10/bin/../lib/gcc/arm-none-eabi/10.3.1/../../../../arm-none-eabi/lib/thumb/v7e-m+fp/hard\libc_nano.a(lib_a-init.o)
 .debug_frame   0x0000270c       0x20 d:/chain/gcc-arm-none-eabi-10.3-2021.10-win32/gcc-arm-none-eabi-10.3-2021.10/bin/../lib/gcc/arm-none-eabi/10.3.1/../../../../arm-none-eabi/lib/thumb/v7e-m+fp/hard\libc_nano.a(lib_a-memset.o)
 .debug_frame   0x0000272c       0x2c d:/chain/gcc-arm-none-eabi-10.3-2021.10-win32/gcc-arm-none-eabi-10.3-2021.10/bin/../lib/gcc/arm-none-eabi/10.3.1/thumb/v7e-m+fp/hard\libgcc.a(_aeabi_uldivmod.o)
 .debug_frame   0x00002758       0x34 d:/chain/gcc-arm-none-eabi-10.3-2021.10-win32/gcc-arm-none-eabi-10.3-2021.10/bin/../lib/gcc/arm-none-eabi/10.3.1/thumb/v7e-m+fp/hard\libgcc.a(_udivmoddi4.o)

Cross Reference Table

Symbol                                            File
ADC_IRQHandler                                    build/startup_stm32f427xx.o
AHBPrescTable                                     build/system_stm32f4xx.o
                                                  build/stm32f4xx_hal_rcc.o
APBPrescTable                                     build/system_stm32f4xx.o
                                                  build/stm32f4xx_hal_rcc.o
BusFault_Handler                                  build/stm32f4xx_it.o
CAN1_RX0_IRQHandler                               build/startup_stm32f427xx.o
CAN1_RX1_IRQHandler                               build/startup_stm32f427xx.o
CAN1_SCE_IRQHandler                               build/startup_stm32f427xx.o
CAN1_TX_IRQHandler                                build/startup_stm32f427xx.o
CAN2_RX0_IRQHandler                               build/startup_stm32f427xx.o
CAN2_RX1_IRQHandler                               build/startup_stm32f427xx.o
CAN2_SCE_IRQHandler                               build/startup_stm32f427xx.o
CAN2_TX_IRQHandler                                build/startup_stm32f427xx.o
DCMI_IRQHandler                                   build/startup_stm32f427xx.o
DMA1_Stream0_IRQHandler                           build/startup_stm32f427xx.o
DMA1_Stream1_IRQHandler                           build/startup_stm32f427xx.o
DMA1_Stream2_IRQHandler                           build/startup_stm32f427xx.o
DMA1_Stream3_IRQHandler                           build/startup_stm32f427xx.o
DMA1_Stream4_IRQHandler                           build/startup_stm32f427xx.o
DMA1_Stream5_IRQHandler                           build/startup_stm32f427xx.o
DMA1_Stream6_IRQHandler                           build/startup_stm32f427xx.o
DMA1_Stream7_IRQHandler                           build/startup_stm32f427xx.o
DMA2D_IRQHandler                                  build/startup_stm32f427xx.o
DMA2_Stream0_IRQHandler                           build/startup_stm32f427xx.o
DMA2_Stream1_IRQHandler                           build/stm32f4xx_it.o
DMA2_Stream2_IRQHandler                           build/startup_stm32f427xx.o
DMA2_Stream3_IRQHandler                           build/startup_stm32f427xx.o
DMA2_Stream4_IRQHandler                           build/startup_stm32f427xx.o
DMA2_Stream5_IRQHandler                           build/startup_stm32f427xx.o
DMA2_Stream6_IRQHandler                           build/stm32f4xx_it.o
DMA2_Stream7_IRQHandler                           build/startup_stm32f427xx.o
DebugMon_Handler                                  build/stm32f4xx_it.o
Default_Handler                                   build/startup_stm32f427xx.o
ETH_IRQHandler                                    build/startup_stm32f427xx.o
ETH_WKUP_IRQHandler                               build/startup_stm32f427xx.o
EXTI0_IRQHandler                                  build/startup_stm32f427xx.o
EXTI15_10_IRQHandler                              build/startup_stm32f427xx.o
EXTI1_IRQHandler                                  build/startup_stm32f427xx.o
EXTI2_IRQHandler                                  build/startup_stm32f427xx.o
EXTI3_IRQHandler                                  build/startup_stm32f427xx.o
EXTI4_IRQHandler                                  build/startup_stm32f427xx.o
EXTI9_5_IRQHandler                                build/startup_stm32f427xx.o
Emm_V5_Auto_Return_Sys_Params_Timed               build/Emm_V5.o
Emm_V5_En_Control                                 build/Emm_V5.o
                                                  build/main.o
Emm_V5_MMCL_Auto_Return_Sys_Params_Timed          build/Emm_V5.o
Emm_V5_MMCL_En_Control                            build/Emm_V5.o
Emm_V5_MMCL_Origin_Interrupt                      build/Emm_V5.o
Emm_V5_MMCL_Origin_Modify_Params                  build/Emm_V5.o
Emm_V5_MMCL_Origin_Set_O                          build/Emm_V5.o
Emm_V5_MMCL_Origin_Trigger_Return                 build/Emm_V5.o
Emm_V5_MMCL_Pos_Control                           build/Emm_V5.o
Emm_V5_MMCL_QPos_Control                          build/Emm_V5.o
Emm_V5_MMCL_Read_Sys_Params                       build/Emm_V5.o
Emm_V5_MMCL_Reset_Clog_Pro                        build/Emm_V5.o
Emm_V5_MMCL_Reset_CurPos_To_Zero                  build/Emm_V5.o
Emm_V5_MMCL_Reset_Motor                           build/Emm_V5.o
Emm_V5_MMCL_Restore_Motor                         build/Emm_V5.o
Emm_V5_MMCL_Set_QPos_Params                       build/Emm_V5.o
Emm_V5_MMCL_Stop_Now                              build/Emm_V5.o
Emm_V5_MMCL_Synchronous_motion                    build/Emm_V5.o
Emm_V5_MMCL_Trig_Encoder_Cal                      build/Emm_V5.o
Emm_V5_MMCL_Vel_Control                           build/Emm_V5.o
Emm_V5_Modify_Ctrl_Mode                           build/Emm_V5.o
Emm_V5_Modify_DMX512_Params                       build/Emm_V5.o
Emm_V5_Modify_FOC_mA                              build/Emm_V5.o
Emm_V5_Modify_Firmware_Type                       build/Emm_V5.o
Emm_V5_Modify_Heart_Protect                       build/Emm_V5.o
Emm_V5_Modify_Integral_Limit                      build/Emm_V5.o
Emm_V5_Modify_Lock_Btn                            build/Emm_V5.o
Emm_V5_Modify_MicroStep                           build/Emm_V5.o
Emm_V5_Modify_Motor_Dir                           build/Emm_V5.o
Emm_V5_Modify_Motor_ID                            build/Emm_V5.o
Emm_V5_Modify_Motor_Type                          build/Emm_V5.o
Emm_V5_Modify_OM_mA                               build/Emm_V5.o
Emm_V5_Modify_Otocp                               build/Emm_V5.o
Emm_V5_Modify_PDFlag                              build/Emm_V5.o
Emm_V5_Modify_PID_Params                          build/Emm_V5.o
Emm_V5_Modify_Pos_Window                          build/Emm_V5.o
Emm_V5_Modify_S_Vel                               build/Emm_V5.o
Emm_V5_Multi_Motor_Cmd                            build/Emm_V5.o
Emm_V5_Origin_Interrupt                           build/Emm_V5.o
Emm_V5_Origin_Modify_Params                       build/Emm_V5.o
Emm_V5_Origin_Read_Params                         build/Emm_V5.o
Emm_V5_Origin_Set_O                               build/Emm_V5.o
Emm_V5_Origin_Trigger_Return                      build/Emm_V5.o
Emm_V5_Pos_Control                                build/Emm_V5.o
                                                  build/main.o
Emm_V5_QPos_Control                               build/Emm_V5.o
Emm_V5_Read_DMX512_Params                         build/Emm_V5.o
Emm_V5_Read_Heart_Protect                         build/Emm_V5.o
Emm_V5_Read_Integral_Limit                        build/Emm_V5.o
Emm_V5_Read_Motor_Conf_Params                     build/Emm_V5.o
Emm_V5_Read_Opt_Param_Sta                         build/Emm_V5.o
Emm_V5_Read_Otocp                                 build/Emm_V5.o
Emm_V5_Read_PID_Params                            build/Emm_V5.o
Emm_V5_Read_Pos_Window                            build/Emm_V5.o
Emm_V5_Read_Sys_Params                            build/Emm_V5.o
Emm_V5_Read_System_State_Params                   build/Emm_V5.o
Emm_V5_Reset_Clog_Pro                             build/Emm_V5.o
Emm_V5_Reset_CurPos_To_Zero                       build/Emm_V5.o
Emm_V5_Reset_Motor                                build/Emm_V5.o
Emm_V5_Restore_Motor                              build/Emm_V5.o
Emm_V5_Set_QPos_Params                            build/Emm_V5.o
Emm_V5_Stop_Now                                   build/Emm_V5.o
Emm_V5_Synchronous_motion                         build/Emm_V5.o
                                                  build/main.o
Emm_V5_Trig_Encoder_Cal                           build/Emm_V5.o
Emm_V5_Vel_Control                                build/Emm_V5.o
Error_Handler                                     build/main.o
                                                  build/tim.o
                                                  build/usart.o
FLASH_Erase_Sector                                build/stm32f4xx_hal_flash_ex.o
                                                  build/stm32f4xx_hal_flash.o
FLASH_FlushCaches                                 build/stm32f4xx_hal_flash_ex.o
                                                  build/stm32f4xx_hal_flash.o
FLASH_IRQHandler                                  build/startup_stm32f427xx.o
FLASH_WaitForLastOperation                        build/stm32f4xx_hal_flash.o
                                                  build/stm32f4xx_hal_flash_ex.o
FMC_IRQHandler                                    build/startup_stm32f427xx.o
FPU_IRQHandler                                    build/startup_stm32f427xx.o
HAL_CORTEX_ClearEvent                             build/stm32f4xx_hal_cortex.o
HAL_DBGMCU_DisableDBGSleepMode                    build/stm32f4xx_hal.o
HAL_DBGMCU_DisableDBGStandbyMode                  build/stm32f4xx_hal.o
HAL_DBGMCU_DisableDBGStopMode                     build/stm32f4xx_hal.o
HAL_DBGMCU_EnableDBGSleepMode                     build/stm32f4xx_hal.o
HAL_DBGMCU_EnableDBGStandbyMode                   build/stm32f4xx_hal.o
HAL_DBGMCU_EnableDBGStopMode                      build/stm32f4xx_hal.o
HAL_DMAEx_ChangeMemory                            build/stm32f4xx_hal_dma_ex.o
HAL_DMAEx_MultiBufferStart                        build/stm32f4xx_hal_dma_ex.o
HAL_DMAEx_MultiBufferStart_IT                     build/stm32f4xx_hal_dma_ex.o
HAL_DMA_Abort                                     build/stm32f4xx_hal_dma.o
                                                  build/stm32f4xx_hal_uart.o
HAL_DMA_Abort_IT                                  build/stm32f4xx_hal_dma.o
                                                  build/stm32f4xx_hal_uart.o
                                                  build/stm32f4xx_hal_tim_ex.o
                                                  build/stm32f4xx_hal_tim.o
HAL_DMA_DeInit                                    build/stm32f4xx_hal_dma.o
                                                  build/usart.o
HAL_DMA_GetError                                  build/stm32f4xx_hal_dma.o
                                                  build/stm32f4xx_hal_uart.o
HAL_DMA_GetState                                  build/stm32f4xx_hal_dma.o
HAL_DMA_IRQHandler                                build/stm32f4xx_hal_dma.o
                                                  build/stm32f4xx_it.o
HAL_DMA_Init                                      build/stm32f4xx_hal_dma.o
                                                  build/usart.o
HAL_DMA_PollForTransfer                           build/stm32f4xx_hal_dma.o
HAL_DMA_RegisterCallback                          build/stm32f4xx_hal_dma.o
HAL_DMA_Start                                     build/stm32f4xx_hal_dma.o
HAL_DMA_Start_IT                                  build/stm32f4xx_hal_dma.o
                                                  build/stm32f4xx_hal_uart.o
                                                  build/stm32f4xx_hal_tim_ex.o
                                                  build/stm32f4xx_hal_tim.o
HAL_DMA_UnRegisterCallback                        build/stm32f4xx_hal_dma.o
HAL_DeInit                                        build/stm32f4xx_hal.o
HAL_Delay                                         build/stm32f4xx_hal.o
                                                  build/main.o
HAL_DisableCompensationCell                       build/stm32f4xx_hal.o
HAL_DisableMemorySwappingBank                     build/stm32f4xx_hal.o
HAL_EXTI_ClearConfigLine                          build/stm32f4xx_hal_exti.o
HAL_EXTI_ClearPending                             build/stm32f4xx_hal_exti.o
HAL_EXTI_GenerateSWI                              build/stm32f4xx_hal_exti.o
HAL_EXTI_GetConfigLine                            build/stm32f4xx_hal_exti.o
HAL_EXTI_GetHandle                                build/stm32f4xx_hal_exti.o
HAL_EXTI_GetPending                               build/stm32f4xx_hal_exti.o
HAL_EXTI_IRQHandler                               build/stm32f4xx_hal_exti.o
HAL_EXTI_RegisterCallback                         build/stm32f4xx_hal_exti.o
HAL_EXTI_SetConfigLine                            build/stm32f4xx_hal_exti.o
HAL_EnableCompensationCell                        build/stm32f4xx_hal.o
HAL_EnableMemorySwappingBank                      build/stm32f4xx_hal.o
HAL_FLASHEx_AdvOBGetConfig                        build/stm32f4xx_hal_flash_ex.o
HAL_FLASHEx_AdvOBProgram                          build/stm32f4xx_hal_flash_ex.o
HAL_FLASHEx_Erase                                 build/stm32f4xx_hal_flash_ex.o
HAL_FLASHEx_Erase_IT                              build/stm32f4xx_hal_flash_ex.o
HAL_FLASHEx_OBGetConfig                           build/stm32f4xx_hal_flash_ex.o
HAL_FLASHEx_OBProgram                             build/stm32f4xx_hal_flash_ex.o
HAL_FLASHEx_OB_DeSelectPCROP                      build/stm32f4xx_hal_flash_ex.o
HAL_FLASHEx_OB_GetBank2WRP                        build/stm32f4xx_hal_flash_ex.o
HAL_FLASHEx_OB_SelectPCROP                        build/stm32f4xx_hal_flash_ex.o
HAL_FLASH_EndOfOperationCallback                  build/stm32f4xx_hal_flash.o
HAL_FLASH_GetError                                build/stm32f4xx_hal_flash.o
HAL_FLASH_IRQHandler                              build/stm32f4xx_hal_flash.o
HAL_FLASH_Lock                                    build/stm32f4xx_hal_flash.o
HAL_FLASH_OB_Launch                               build/stm32f4xx_hal_flash.o
HAL_FLASH_OB_Lock                                 build/stm32f4xx_hal_flash.o
HAL_FLASH_OB_Unlock                               build/stm32f4xx_hal_flash.o
HAL_FLASH_OperationErrorCallback                  build/stm32f4xx_hal_flash.o
HAL_FLASH_Program                                 build/stm32f4xx_hal_flash.o
HAL_FLASH_Program_IT                              build/stm32f4xx_hal_flash.o
HAL_FLASH_Unlock                                  build/stm32f4xx_hal_flash.o
HAL_GPIO_DeInit                                   build/stm32f4xx_hal_gpio.o
                                                  build/usart.o
HAL_GPIO_EXTI_Callback                            build/stm32f4xx_hal_gpio.o
HAL_GPIO_EXTI_IRQHandler                          build/stm32f4xx_hal_gpio.o
HAL_GPIO_Init                                     build/stm32f4xx_hal_gpio.o
                                                  build/stm32f4xx_hal_rcc.o
                                                  build/usart.o
                                                  build/gpio.o
HAL_GPIO_LockPin                                  build/stm32f4xx_hal_gpio.o
HAL_GPIO_ReadPin                                  build/stm32f4xx_hal_gpio.o
HAL_GPIO_TogglePin                                build/stm32f4xx_hal_gpio.o
                                                  build/main.o
HAL_GPIO_WritePin                                 build/stm32f4xx_hal_gpio.o
                                                  build/gpio.o
HAL_GetDEVID                                      build/stm32f4xx_hal.o
HAL_GetHalVersion                                 build/stm32f4xx_hal.o
HAL_GetREVID                                      build/stm32f4xx_hal.o
HAL_GetTick                                       build/stm32f4xx_hal.o
                                                  build/stm32f4xx_hal_pwr_ex.o
                                                  build/stm32f4xx_hal_dma.o
                                                  build/stm32f4xx_hal_flash.o
                                                  build/stm32f4xx_hal_rcc_ex.o
                                                  build/stm32f4xx_hal_rcc.o
                                                  build/stm32f4xx_hal_uart.o
HAL_GetTickFreq                                   build/stm32f4xx_hal.o
HAL_GetTickPrio                                   build/stm32f4xx_hal.o
HAL_GetUIDw0                                      build/stm32f4xx_hal.o
HAL_GetUIDw1                                      build/stm32f4xx_hal.o
HAL_GetUIDw2                                      build/stm32f4xx_hal.o
HAL_HalfDuplex_EnableReceiver                     build/stm32f4xx_hal_uart.o
HAL_HalfDuplex_EnableTransmitter                  build/stm32f4xx_hal_uart.o
HAL_HalfDuplex_Init                               build/stm32f4xx_hal_uart.o
HAL_IncTick                                       build/stm32f4xx_hal.o
                                                  build/stm32f4xx_it.o
HAL_Init                                          build/stm32f4xx_hal.o
                                                  build/main.o
HAL_InitTick                                      build/stm32f4xx_hal.o
                                                  build/stm32f4xx_hal_rcc_ex.o
                                                  build/stm32f4xx_hal_rcc.o
HAL_LIN_Init                                      build/stm32f4xx_hal_uart.o
HAL_LIN_SendBreak                                 build/stm32f4xx_hal_uart.o
HAL_MPU_ConfigRegion                              build/stm32f4xx_hal_cortex.o
HAL_MPU_Disable                                   build/stm32f4xx_hal_cortex.o
HAL_MPU_DisableRegion                             build/stm32f4xx_hal_cortex.o
HAL_MPU_Enable                                    build/stm32f4xx_hal_cortex.o
HAL_MPU_EnableRegion                              build/stm32f4xx_hal_cortex.o
HAL_MspDeInit                                     build/stm32f4xx_hal.o
HAL_MspInit                                       build/stm32f4xx_hal_msp.o
HAL_MultiProcessor_EnterMuteMode                  build/stm32f4xx_hal_uart.o
HAL_MultiProcessor_ExitMuteMode                   build/stm32f4xx_hal_uart.o
HAL_MultiProcessor_Init                           build/stm32f4xx_hal_uart.o
HAL_NVIC_ClearPendingIRQ                          build/stm32f4xx_hal_cortex.o
HAL_NVIC_DisableIRQ                               build/stm32f4xx_hal_cortex.o
                                                  build/tim.o
                                                  build/usart.o
HAL_NVIC_EnableIRQ                                build/stm32f4xx_hal_cortex.o
                                                  build/tim.o
                                                  build/dma.o
                                                  build/usart.o
HAL_NVIC_GetActive                                build/stm32f4xx_hal_cortex.o
HAL_NVIC_GetPendingIRQ                            build/stm32f4xx_hal_cortex.o
HAL_NVIC_GetPriority                              build/stm32f4xx_hal_cortex.o
HAL_NVIC_GetPriorityGrouping                      build/stm32f4xx_hal_cortex.o
HAL_NVIC_SetPendingIRQ                            build/stm32f4xx_hal_cortex.o
HAL_NVIC_SetPriority                              build/stm32f4xx_hal_cortex.o
                                                  build/tim.o
                                                  build/dma.o
                                                  build/stm32f4xx_hal.o
                                                  build/usart.o
HAL_NVIC_SetPriorityGrouping                      build/stm32f4xx_hal_cortex.o
                                                  build/stm32f4xx_hal.o
HAL_NVIC_SystemReset                              build/stm32f4xx_hal_cortex.o
HAL_PWREx_ControlVoltageScaling                   build/stm32f4xx_hal_pwr_ex.o
HAL_PWREx_DisableBkUpReg                          build/stm32f4xx_hal_pwr_ex.o
HAL_PWREx_DisableFlashPowerDown                   build/stm32f4xx_hal_pwr_ex.o
HAL_PWREx_DisableOverDrive                        build/stm32f4xx_hal_pwr_ex.o
HAL_PWREx_EnableBkUpReg                           build/stm32f4xx_hal_pwr_ex.o
HAL_PWREx_EnableFlashPowerDown                    build/stm32f4xx_hal_pwr_ex.o
HAL_PWREx_EnableOverDrive                         build/stm32f4xx_hal_pwr_ex.o
                                                  build/main.o
HAL_PWREx_EnterUnderDriveSTOPMode                 build/stm32f4xx_hal_pwr_ex.o
HAL_PWREx_GetVoltageRange                         build/stm32f4xx_hal_pwr_ex.o
HAL_PWR_ConfigPVD                                 build/stm32f4xx_hal_pwr.o
HAL_PWR_DeInit                                    build/stm32f4xx_hal_pwr.o
HAL_PWR_DisableBkUpAccess                         build/stm32f4xx_hal_pwr.o
HAL_PWR_DisablePVD                                build/stm32f4xx_hal_pwr.o
HAL_PWR_DisableSEVOnPend                          build/stm32f4xx_hal_pwr.o
HAL_PWR_DisableSleepOnExit                        build/stm32f4xx_hal_pwr.o
HAL_PWR_DisableWakeUpPin                          build/stm32f4xx_hal_pwr.o
HAL_PWR_EnableBkUpAccess                          build/stm32f4xx_hal_pwr.o
HAL_PWR_EnablePVD                                 build/stm32f4xx_hal_pwr.o
HAL_PWR_EnableSEVOnPend                           build/stm32f4xx_hal_pwr.o
HAL_PWR_EnableSleepOnExit                         build/stm32f4xx_hal_pwr.o
HAL_PWR_EnableWakeUpPin                           build/stm32f4xx_hal_pwr.o
HAL_PWR_EnterSLEEPMode                            build/stm32f4xx_hal_pwr.o
HAL_PWR_EnterSTANDBYMode                          build/stm32f4xx_hal_pwr.o
HAL_PWR_EnterSTOPMode                             build/stm32f4xx_hal_pwr.o
HAL_PWR_PVDCallback                               build/stm32f4xx_hal_pwr.o
HAL_PWR_PVD_IRQHandler                            build/stm32f4xx_hal_pwr.o
HAL_RCCEx_DisablePLLI2S                           build/stm32f4xx_hal_rcc_ex.o
HAL_RCCEx_DisablePLLSAI                           build/stm32f4xx_hal_rcc_ex.o
HAL_RCCEx_EnablePLLI2S                            build/stm32f4xx_hal_rcc_ex.o
HAL_RCCEx_EnablePLLSAI                            build/stm32f4xx_hal_rcc_ex.o
HAL_RCCEx_GetPeriphCLKConfig                      build/stm32f4xx_hal_rcc_ex.o
HAL_RCCEx_GetPeriphCLKFreq                        build/stm32f4xx_hal_rcc_ex.o
HAL_RCCEx_PeriphCLKConfig                         build/stm32f4xx_hal_rcc_ex.o
HAL_RCC_CSSCallback                               build/stm32f4xx_hal_rcc.o
HAL_RCC_ClockConfig                               build/stm32f4xx_hal_rcc.o
                                                  build/main.o
HAL_RCC_DeInit                                    build/stm32f4xx_hal_rcc_ex.o
                                                  build/stm32f4xx_hal_rcc.o
HAL_RCC_DisableCSS                                build/stm32f4xx_hal_rcc.o
HAL_RCC_EnableCSS                                 build/stm32f4xx_hal_rcc.o
HAL_RCC_GetClockConfig                            build/stm32f4xx_hal_rcc.o
HAL_RCC_GetHCLKFreq                               build/stm32f4xx_hal_rcc.o
HAL_RCC_GetOscConfig                              build/stm32f4xx_hal_rcc.o
HAL_RCC_GetPCLK1Freq                              build/stm32f4xx_hal_rcc.o
                                                  build/stm32f4xx_hal_uart.o
HAL_RCC_GetPCLK2Freq                              build/stm32f4xx_hal_rcc.o
                                                  build/stm32f4xx_hal_uart.o
HAL_RCC_GetSysClockFreq                           build/stm32f4xx_hal_rcc.o
HAL_RCC_MCOConfig                                 build/stm32f4xx_hal_rcc.o
HAL_RCC_NMI_IRQHandler                            build/stm32f4xx_hal_rcc.o
HAL_RCC_OscConfig                                 build/stm32f4xx_hal_rcc.o
                                                  build/main.o
HAL_ResumeTick                                    build/stm32f4xx_hal.o
HAL_SYSTICK_CLKSourceConfig                       build/stm32f4xx_hal_cortex.o
HAL_SYSTICK_Callback                              build/stm32f4xx_hal_cortex.o
HAL_SYSTICK_Config                                build/stm32f4xx_hal_cortex.o
                                                  build/stm32f4xx_hal.o
HAL_SYSTICK_IRQHandler                            build/stm32f4xx_hal_cortex.o
HAL_SetTickFreq                                   build/stm32f4xx_hal.o
HAL_SuspendTick                                   build/stm32f4xx_hal.o
HAL_TIMEx_BreakCallback                           build/stm32f4xx_hal_tim_ex.o
                                                  build/stm32f4xx_hal_tim.o
HAL_TIMEx_CommutCallback                          build/stm32f4xx_hal_tim_ex.o
                                                  build/stm32f4xx_hal_tim.o
HAL_TIMEx_CommutHalfCpltCallback                  build/stm32f4xx_hal_tim_ex.o
HAL_TIMEx_ConfigBreakDeadTime                     build/stm32f4xx_hal_tim_ex.o
HAL_TIMEx_ConfigCommutEvent                       build/stm32f4xx_hal_tim_ex.o
HAL_TIMEx_ConfigCommutEvent_DMA                   build/stm32f4xx_hal_tim_ex.o
HAL_TIMEx_ConfigCommutEvent_IT                    build/stm32f4xx_hal_tim_ex.o
HAL_TIMEx_GetChannelNState                        build/stm32f4xx_hal_tim_ex.o
HAL_TIMEx_HallSensor_DeInit                       build/stm32f4xx_hal_tim_ex.o
HAL_TIMEx_HallSensor_GetState                     build/stm32f4xx_hal_tim_ex.o
HAL_TIMEx_HallSensor_Init                         build/stm32f4xx_hal_tim_ex.o
HAL_TIMEx_HallSensor_MspDeInit                    build/stm32f4xx_hal_tim_ex.o
HAL_TIMEx_HallSensor_MspInit                      build/stm32f4xx_hal_tim_ex.o
HAL_TIMEx_HallSensor_Start                        build/stm32f4xx_hal_tim_ex.o
HAL_TIMEx_HallSensor_Start_DMA                    build/stm32f4xx_hal_tim_ex.o
HAL_TIMEx_HallSensor_Start_IT                     build/stm32f4xx_hal_tim_ex.o
HAL_TIMEx_HallSensor_Stop                         build/stm32f4xx_hal_tim_ex.o
HAL_TIMEx_HallSensor_Stop_DMA                     build/stm32f4xx_hal_tim_ex.o
HAL_TIMEx_HallSensor_Stop_IT                      build/stm32f4xx_hal_tim_ex.o
HAL_TIMEx_MasterConfigSynchronization             build/stm32f4xx_hal_tim_ex.o
                                                  build/tim.o
HAL_TIMEx_OCN_Start                               build/stm32f4xx_hal_tim_ex.o
HAL_TIMEx_OCN_Start_DMA                           build/stm32f4xx_hal_tim_ex.o
HAL_TIMEx_OCN_Start_IT                            build/stm32f4xx_hal_tim_ex.o
HAL_TIMEx_OCN_Stop                                build/stm32f4xx_hal_tim_ex.o
HAL_TIMEx_OCN_Stop_DMA                            build/stm32f4xx_hal_tim_ex.o
HAL_TIMEx_OCN_Stop_IT                             build/stm32f4xx_hal_tim_ex.o
HAL_TIMEx_OnePulseN_Start                         build/stm32f4xx_hal_tim_ex.o
HAL_TIMEx_OnePulseN_Start_IT                      build/stm32f4xx_hal_tim_ex.o
HAL_TIMEx_OnePulseN_Stop                          build/stm32f4xx_hal_tim_ex.o
HAL_TIMEx_OnePulseN_Stop_IT                       build/stm32f4xx_hal_tim_ex.o
HAL_TIMEx_PWMN_Start                              build/stm32f4xx_hal_tim_ex.o
HAL_TIMEx_PWMN_Start_DMA                          build/stm32f4xx_hal_tim_ex.o
HAL_TIMEx_PWMN_Start_IT                           build/stm32f4xx_hal_tim_ex.o
HAL_TIMEx_PWMN_Stop                               build/stm32f4xx_hal_tim_ex.o
HAL_TIMEx_PWMN_Stop_DMA                           build/stm32f4xx_hal_tim_ex.o
HAL_TIMEx_PWMN_Stop_IT                            build/stm32f4xx_hal_tim_ex.o
HAL_TIMEx_RemapConfig                             build/stm32f4xx_hal_tim_ex.o
HAL_TIM_Base_DeInit                               build/stm32f4xx_hal_tim.o
HAL_TIM_Base_GetState                             build/stm32f4xx_hal_tim.o
HAL_TIM_Base_Init                                 build/stm32f4xx_hal_tim.o
                                                  build/tim.o
HAL_TIM_Base_MspDeInit                            build/tim.o
                                                  build/stm32f4xx_hal_tim.o
HAL_TIM_Base_MspInit                              build/tim.o
                                                  build/stm32f4xx_hal_tim.o
HAL_TIM_Base_Start                                build/stm32f4xx_hal_tim.o
HAL_TIM_Base_Start_DMA                            build/stm32f4xx_hal_tim.o
HAL_TIM_Base_Start_IT                             build/stm32f4xx_hal_tim.o
                                                  build/main.o
HAL_TIM_Base_Stop                                 build/stm32f4xx_hal_tim.o
HAL_TIM_Base_Stop_DMA                             build/stm32f4xx_hal_tim.o
HAL_TIM_Base_Stop_IT                              build/stm32f4xx_hal_tim.o
HAL_TIM_ConfigClockSource                         build/stm32f4xx_hal_tim.o
HAL_TIM_ConfigOCrefClear                          build/stm32f4xx_hal_tim.o
HAL_TIM_ConfigTI1Input                            build/stm32f4xx_hal_tim.o
HAL_TIM_DMABurstState                             build/stm32f4xx_hal_tim.o
HAL_TIM_DMABurst_MultiReadStart                   build/stm32f4xx_hal_tim.o
HAL_TIM_DMABurst_MultiWriteStart                  build/stm32f4xx_hal_tim.o
HAL_TIM_DMABurst_ReadStart                        build/stm32f4xx_hal_tim.o
HAL_TIM_DMABurst_ReadStop                         build/stm32f4xx_hal_tim.o
HAL_TIM_DMABurst_WriteStart                       build/stm32f4xx_hal_tim.o
HAL_TIM_DMABurst_WriteStop                        build/stm32f4xx_hal_tim.o
HAL_TIM_Encoder_DeInit                            build/stm32f4xx_hal_tim.o
HAL_TIM_Encoder_GetState                          build/stm32f4xx_hal_tim.o
HAL_TIM_Encoder_Init                              build/stm32f4xx_hal_tim.o
HAL_TIM_Encoder_MspDeInit                         build/stm32f4xx_hal_tim.o
HAL_TIM_Encoder_MspInit                           build/stm32f4xx_hal_tim.o
HAL_TIM_Encoder_Start                             build/stm32f4xx_hal_tim.o
HAL_TIM_Encoder_Start_DMA                         build/stm32f4xx_hal_tim.o
HAL_TIM_Encoder_Start_IT                          build/stm32f4xx_hal_tim.o
HAL_TIM_Encoder_Stop                              build/stm32f4xx_hal_tim.o
HAL_TIM_Encoder_Stop_DMA                          build/stm32f4xx_hal_tim.o
HAL_TIM_Encoder_Stop_IT                           build/stm32f4xx_hal_tim.o
HAL_TIM_ErrorCallback                             build/stm32f4xx_hal_tim.o
                                                  build/stm32f4xx_hal_tim_ex.o
HAL_TIM_GenerateEvent                             build/stm32f4xx_hal_tim.o
HAL_TIM_GetActiveChannel                          build/stm32f4xx_hal_tim.o
HAL_TIM_GetChannelState                           build/stm32f4xx_hal_tim.o
HAL_TIM_IC_CaptureCallback                        build/stm32f4xx_hal_tim.o
HAL_TIM_IC_CaptureHalfCpltCallback                build/stm32f4xx_hal_tim.o
HAL_TIM_IC_ConfigChannel                          build/stm32f4xx_hal_tim.o
HAL_TIM_IC_DeInit                                 build/stm32f4xx_hal_tim.o
HAL_TIM_IC_GetState                               build/stm32f4xx_hal_tim.o
HAL_TIM_IC_Init                                   build/stm32f4xx_hal_tim.o
HAL_TIM_IC_MspDeInit                              build/stm32f4xx_hal_tim.o
HAL_TIM_IC_MspInit                                build/stm32f4xx_hal_tim.o
HAL_TIM_IC_Start                                  build/stm32f4xx_hal_tim.o
HAL_TIM_IC_Start_DMA                              build/stm32f4xx_hal_tim.o
HAL_TIM_IC_Start_IT                               build/stm32f4xx_hal_tim.o
HAL_TIM_IC_Stop                                   build/stm32f4xx_hal_tim.o
HAL_TIM_IC_Stop_DMA                               build/stm32f4xx_hal_tim.o
HAL_TIM_IC_Stop_IT                                build/stm32f4xx_hal_tim.o
HAL_TIM_IRQHandler                                build/stm32f4xx_hal_tim.o
                                                  build/stm32f4xx_it.o
HAL_TIM_OC_ConfigChannel                          build/stm32f4xx_hal_tim.o
HAL_TIM_OC_DeInit                                 build/stm32f4xx_hal_tim.o
HAL_TIM_OC_DelayElapsedCallback                   build/stm32f4xx_hal_tim.o
HAL_TIM_OC_GetState                               build/stm32f4xx_hal_tim.o
HAL_TIM_OC_Init                                   build/stm32f4xx_hal_tim.o
HAL_TIM_OC_MspDeInit                              build/stm32f4xx_hal_tim.o
HAL_TIM_OC_MspInit                                build/stm32f4xx_hal_tim.o
HAL_TIM_OC_Start                                  build/stm32f4xx_hal_tim.o
HAL_TIM_OC_Start_DMA                              build/stm32f4xx_hal_tim.o
HAL_TIM_OC_Start_IT                               build/stm32f4xx_hal_tim.o
HAL_TIM_OC_Stop                                   build/stm32f4xx_hal_tim.o
HAL_TIM_OC_Stop_DMA                               build/stm32f4xx_hal_tim.o
HAL_TIM_OC_Stop_IT                                build/stm32f4xx_hal_tim.o
HAL_TIM_OnePulse_ConfigChannel                    build/stm32f4xx_hal_tim.o
HAL_TIM_OnePulse_DeInit                           build/stm32f4xx_hal_tim.o
HAL_TIM_OnePulse_GetState                         build/stm32f4xx_hal_tim.o
HAL_TIM_OnePulse_Init                             build/stm32f4xx_hal_tim.o
HAL_TIM_OnePulse_MspDeInit                        build/stm32f4xx_hal_tim.o
HAL_TIM_OnePulse_MspInit                          build/stm32f4xx_hal_tim.o
HAL_TIM_OnePulse_Start                            build/stm32f4xx_hal_tim.o
HAL_TIM_OnePulse_Start_IT                         build/stm32f4xx_hal_tim.o
HAL_TIM_OnePulse_Stop                             build/stm32f4xx_hal_tim.o
HAL_TIM_OnePulse_Stop_IT                          build/stm32f4xx_hal_tim.o
HAL_TIM_PWM_ConfigChannel                         build/stm32f4xx_hal_tim.o
HAL_TIM_PWM_DeInit                                build/stm32f4xx_hal_tim.o
HAL_TIM_PWM_GetState                              build/stm32f4xx_hal_tim.o
HAL_TIM_PWM_Init                                  build/stm32f4xx_hal_tim.o
HAL_TIM_PWM_MspDeInit                             build/stm32f4xx_hal_tim.o
HAL_TIM_PWM_MspInit                               build/stm32f4xx_hal_tim.o
HAL_TIM_PWM_PulseFinishedCallback                 build/stm32f4xx_hal_tim.o
                                                  build/stm32f4xx_hal_tim_ex.o
HAL_TIM_PWM_PulseFinishedHalfCpltCallback         build/stm32f4xx_hal_tim.o
HAL_TIM_PWM_Start                                 build/stm32f4xx_hal_tim.o
HAL_TIM_PWM_Start_DMA                             build/stm32f4xx_hal_tim.o
HAL_TIM_PWM_Start_IT                              build/stm32f4xx_hal_tim.o
HAL_TIM_PWM_Stop                                  build/stm32f4xx_hal_tim.o
HAL_TIM_PWM_Stop_DMA                              build/stm32f4xx_hal_tim.o
HAL_TIM_PWM_Stop_IT                               build/stm32f4xx_hal_tim.o
HAL_TIM_PeriodElapsedCallback                     build/tim.o
                                                  build/stm32f4xx_hal_tim.o
HAL_TIM_PeriodElapsedHalfCpltCallback             build/stm32f4xx_hal_tim.o
HAL_TIM_ReadCapturedValue                         build/stm32f4xx_hal_tim.o
HAL_TIM_SlaveConfigSynchro                        build/stm32f4xx_hal_tim.o
HAL_TIM_SlaveConfigSynchro_IT                     build/stm32f4xx_hal_tim.o
HAL_TIM_TriggerCallback                           build/stm32f4xx_hal_tim.o
HAL_TIM_TriggerHalfCpltCallback                   build/stm32f4xx_hal_tim.o
HAL_UARTEx_GetRxEventType                         build/stm32f4xx_hal_uart.o
HAL_UARTEx_ReceiveToIdle                          build/stm32f4xx_hal_uart.o
HAL_UARTEx_ReceiveToIdle_DMA                      build/stm32f4xx_hal_uart.o
HAL_UARTEx_ReceiveToIdle_IT                       build/stm32f4xx_hal_uart.o
HAL_UARTEx_RxEventCallback                        build/stm32f4xx_hal_uart.o
HAL_UART_Abort                                    build/stm32f4xx_hal_uart.o
HAL_UART_AbortCpltCallback                        build/stm32f4xx_hal_uart.o
HAL_UART_AbortReceive                             build/stm32f4xx_hal_uart.o
HAL_UART_AbortReceiveCpltCallback                 build/stm32f4xx_hal_uart.o
HAL_UART_AbortReceive_IT                          build/stm32f4xx_hal_uart.o
HAL_UART_AbortTransmit                            build/stm32f4xx_hal_uart.o
HAL_UART_AbortTransmitCpltCallback                build/stm32f4xx_hal_uart.o
HAL_UART_AbortTransmit_IT                         build/stm32f4xx_hal_uart.o
HAL_UART_Abort_IT                                 build/stm32f4xx_hal_uart.o
HAL_UART_DMAPause                                 build/stm32f4xx_hal_uart.o
HAL_UART_DMAResume                                build/stm32f4xx_hal_uart.o
HAL_UART_DMAStop                                  build/stm32f4xx_hal_uart.o
HAL_UART_DeInit                                   build/stm32f4xx_hal_uart.o
HAL_UART_ErrorCallback                            build/stm32f4xx_hal_uart.o
HAL_UART_GetError                                 build/stm32f4xx_hal_uart.o
HAL_UART_GetState                                 build/stm32f4xx_hal_uart.o
HAL_UART_IRQHandler                               build/stm32f4xx_hal_uart.o
                                                  build/stm32f4xx_it.o
HAL_UART_Init                                     build/stm32f4xx_hal_uart.o
                                                  build/usart.o
HAL_UART_MspDeInit                                build/usart.o
HAL_UART_MspInit                                  build/usart.o
HAL_UART_Receive                                  build/stm32f4xx_hal_uart.o
HAL_UART_Receive_DMA                              build/stm32f4xx_hal_uart.o
HAL_UART_Receive_IT                               build/stm32f4xx_hal_uart.o
HAL_UART_RxCpltCallback                           build/stm32f4xx_hal_uart.o
HAL_UART_RxHalfCpltCallback                       build/stm32f4xx_hal_uart.o
HAL_UART_Transmit                                 build/stm32f4xx_hal_uart.o
HAL_UART_Transmit_DMA                             build/stm32f4xx_hal_uart.o
                                                  build/Emm_V5.o
HAL_UART_Transmit_IT                              build/stm32f4xx_hal_uart.o
HAL_UART_TxCpltCallback                           build/stm32f4xx_hal_uart.o
HAL_UART_TxHalfCpltCallback                       build/stm32f4xx_hal_uart.o
HASH_RNG_IRQHandler                               build/startup_stm32f427xx.o
HardFault_Handler                                 build/stm32f4xx_it.o
I2C1_ER_IRQHandler                                build/startup_stm32f427xx.o
I2C1_EV_IRQHandler                                build/startup_stm32f427xx.o
I2C2_ER_IRQHandler                                build/startup_stm32f427xx.o
I2C2_EV_IRQHandler                                build/startup_stm32f427xx.o
I2C3_ER_IRQHandler                                build/startup_stm32f427xx.o
I2C3_EV_IRQHandler                                build/startup_stm32f427xx.o
MMCL_cmd                                          build/Emm_V5.o
MMCL_count                                        build/Emm_V5.o
MX_DMA_Init                                       build/dma.o
                                                  build/main.o
MX_GPIO_Init                                      build/gpio.o
                                                  build/main.o
MX_TIM6_Init                                      build/tim.o
                                                  build/main.o
MX_USART6_UART_Init                               build/usart.o
                                                  build/main.o
MemManage_Handler                                 build/stm32f4xx_it.o
NMI_Handler                                       build/stm32f4xx_it.o
OTG_FS_IRQHandler                                 build/startup_stm32f427xx.o
OTG_FS_WKUP_IRQHandler                            build/startup_stm32f427xx.o
OTG_HS_EP1_IN_IRQHandler                          build/startup_stm32f427xx.o
OTG_HS_EP1_OUT_IRQHandler                         build/startup_stm32f427xx.o
OTG_HS_IRQHandler                                 build/startup_stm32f427xx.o
OTG_HS_WKUP_IRQHandler                            build/startup_stm32f427xx.o
PVD_IRQHandler                                    build/startup_stm32f427xx.o
PendSV_Handler                                    build/stm32f4xx_it.o
RCC_IRQHandler                                    build/startup_stm32f427xx.o
RTC_Alarm_IRQHandler                              build/startup_stm32f427xx.o
RTC_WKUP_IRQHandler                               build/startup_stm32f427xx.o
Reset_Handler                                     build/startup_stm32f427xx.o
SAI1_IRQHandler                                   build/startup_stm32f427xx.o
SDIO_IRQHandler                                   build/startup_stm32f427xx.o
SPI1_IRQHandler                                   build/startup_stm32f427xx.o
SPI2_IRQHandler                                   build/startup_stm32f427xx.o
SPI3_IRQHandler                                   build/startup_stm32f427xx.o
SPI4_IRQHandler                                   build/startup_stm32f427xx.o
SPI5_IRQHandler                                   build/startup_stm32f427xx.o
SPI6_IRQHandler                                   build/startup_stm32f427xx.o
SVC_Handler                                       build/stm32f4xx_it.o
SysTick_Handler                                   build/stm32f4xx_it.o
SystemClock_Config                                build/main.o
SystemCoreClock                                   build/system_stm32f4xx.o
                                                  build/stm32f4xx_hal.o
                                                  build/stm32f4xx_hal_dma.o
                                                  build/stm32f4xx_hal_rcc_ex.o
                                                  build/stm32f4xx_hal_rcc.o
SystemCoreClockUpdate                             build/system_stm32f4xx.o
SystemInit                                        build/system_stm32f4xx.o
                                                  build/startup_stm32f427xx.o
TAMP_STAMP_IRQHandler                             build/startup_stm32f427xx.o
TIM1_BRK_TIM9_IRQHandler                          build/startup_stm32f427xx.o
TIM1_CC_IRQHandler                                build/startup_stm32f427xx.o
TIM1_TRG_COM_TIM11_IRQHandler                     build/startup_stm32f427xx.o
TIM1_UP_TIM10_IRQHandler                          build/startup_stm32f427xx.o
TIM2_IRQHandler                                   build/startup_stm32f427xx.o
TIM3_IRQHandler                                   build/startup_stm32f427xx.o
TIM4_IRQHandler                                   build/startup_stm32f427xx.o
TIM5_IRQHandler                                   build/startup_stm32f427xx.o
TIM6_DAC_IRQHandler                               build/stm32f4xx_it.o
TIM7_IRQHandler                                   build/startup_stm32f427xx.o
TIM8_BRK_TIM12_IRQHandler                         build/startup_stm32f427xx.o
TIM8_CC_IRQHandler                                build/startup_stm32f427xx.o
TIM8_TRG_COM_TIM14_IRQHandler                     build/startup_stm32f427xx.o
TIM8_UP_TIM13_IRQHandler                          build/startup_stm32f427xx.o
TIMEx_DMACommutationCplt                          build/stm32f4xx_hal_tim_ex.o
                                                  build/stm32f4xx_hal_tim.o
TIMEx_DMACommutationHalfCplt                      build/stm32f4xx_hal_tim_ex.o
                                                  build/stm32f4xx_hal_tim.o
TIM_Base_SetConfig                                build/stm32f4xx_hal_tim.o
                                                  build/stm32f4xx_hal_tim_ex.o
TIM_CCxChannelCmd                                 build/stm32f4xx_hal_tim.o
                                                  build/stm32f4xx_hal_tim_ex.o
TIM_DMACaptureCplt                                build/stm32f4xx_hal_tim.o
                                                  build/stm32f4xx_hal_tim_ex.o
TIM_DMACaptureHalfCplt                            build/stm32f4xx_hal_tim.o
                                                  build/stm32f4xx_hal_tim_ex.o
TIM_DMADelayPulseHalfCplt                         build/stm32f4xx_hal_tim.o
                                                  build/stm32f4xx_hal_tim_ex.o
TIM_DMAError                                      build/stm32f4xx_hal_tim.o
                                                  build/stm32f4xx_hal_tim_ex.o
TIM_ETR_SetConfig                                 build/stm32f4xx_hal_tim.o
TIM_OC2_SetConfig                                 build/stm32f4xx_hal_tim.o
                                                  build/stm32f4xx_hal_tim_ex.o
TIM_TI1_SetConfig                                 build/stm32f4xx_hal_tim.o
                                                  build/stm32f4xx_hal_tim_ex.o
UART4_IRQHandler                                  build/startup_stm32f427xx.o
UART5_IRQHandler                                  build/startup_stm32f427xx.o
UART7_IRQHandler                                  build/startup_stm32f427xx.o
UART8_IRQHandler                                  build/startup_stm32f427xx.o
UART_Start_Receive_DMA                            build/stm32f4xx_hal_uart.o
UART_Start_Receive_IT                             build/stm32f4xx_hal_uart.o
USART1_IRQHandler                                 build/startup_stm32f427xx.o
USART2_IRQHandler                                 build/startup_stm32f427xx.o
USART3_IRQHandler                                 build/startup_stm32f427xx.o
USART6_IRQHandler                                 build/stm32f4xx_it.o
UsageFault_Handler                                build/stm32f4xx_it.o
WWDG_IRQHandler                                   build/startup_stm32f427xx.o
X_V2_MMCL_Origin_Modify_SL_RP                     build/Emm_V5.o
X_V2_MMCL_Origin_Read_SL_RP                       build/Emm_V5.o
X_V2_Origin_Modify_SL_RP                          build/Emm_V5.o
X_V2_Origin_Read_SL_RP                            build/Emm_V5.o
_Min_Stack_Size                                   build/sysmem.o
__aeabi_idiv0                                     d:/chain/gcc-arm-none-eabi-10.3-2021.10-win32/gcc-arm-none-eabi-10.3-2021.10/bin/../lib/gcc/arm-none-eabi/10.3.1/thumb/v7e-m+fp/hard\libgcc.a(_dvmd_tls.o)
__aeabi_ldiv0                                     d:/chain/gcc-arm-none-eabi-10.3-2021.10-win32/gcc-arm-none-eabi-10.3-2021.10/bin/../lib/gcc/arm-none-eabi/10.3.1/thumb/v7e-m+fp/hard\libgcc.a(_dvmd_tls.o)
                                                  d:/chain/gcc-arm-none-eabi-10.3-2021.10-win32/gcc-arm-none-eabi-10.3-2021.10/bin/../lib/gcc/arm-none-eabi/10.3.1/thumb/v7e-m+fp/hard\libgcc.a(_aeabi_uldivmod.o)
__aeabi_uldivmod                                  d:/chain/gcc-arm-none-eabi-10.3-2021.10-win32/gcc-arm-none-eabi-10.3-2021.10/bin/../lib/gcc/arm-none-eabi/10.3.1/thumb/v7e-m+fp/hard\libgcc.a(_aeabi_uldivmod.o)
                                                  build/stm32f4xx_hal_rcc.o
                                                  build/stm32f4xx_hal_uart.o
__bss_end__                                       d:/chain/gcc-arm-none-eabi-10.3-2021.10-win32/gcc-arm-none-eabi-10.3-2021.10/bin/../lib/gcc/arm-none-eabi/10.3.1/../../../../arm-none-eabi/lib/thumb/v7e-m+fp/hard/crt0.o
__bss_start__                                     d:/chain/gcc-arm-none-eabi-10.3-2021.10-win32/gcc-arm-none-eabi-10.3-2021.10/bin/../lib/gcc/arm-none-eabi/10.3.1/../../../../arm-none-eabi/lib/thumb/v7e-m+fp/hard/crt0.o
__call_exitprocs                                  d:/chain/gcc-arm-none-eabi-10.3-2021.10-win32/gcc-arm-none-eabi-10.3-2021.10/bin/../lib/gcc/arm-none-eabi/10.3.1/../../../../arm-none-eabi/lib/thumb/v7e-m+fp/hard\libc_nano.a(lib_a-exit.o)
__deregister_frame_info                           d:/chain/gcc-arm-none-eabi-10.3-2021.10-win32/gcc-arm-none-eabi-10.3-2021.10/bin/../lib/gcc/arm-none-eabi/10.3.1/thumb/v7e-m+fp/hard/crtbegin.o
__dso_handle                                      d:/chain/gcc-arm-none-eabi-10.3-2021.10-win32/gcc-arm-none-eabi-10.3-2021.10/bin/../lib/gcc/arm-none-eabi/10.3.1/thumb/v7e-m+fp/hard/crtbegin.o
__env                                             build/syscalls.o
__errno                                           d:/chain/gcc-arm-none-eabi-10.3-2021.10-win32/gcc-arm-none-eabi-10.3-2021.10/bin/../lib/gcc/arm-none-eabi/10.3.1/../../../../arm-none-eabi/lib/thumb/v7e-m+fp/hard\libc_nano.a(lib_a-errno.o)
                                                  build/syscalls.o
                                                  build/sysmem.o
__init_array_end                                  d:/chain/gcc-arm-none-eabi-10.3-2021.10-win32/gcc-arm-none-eabi-10.3-2021.10/bin/../lib/gcc/arm-none-eabi/10.3.1/../../../../arm-none-eabi/lib/thumb/v7e-m+fp/hard\libc_nano.a(lib_a-init.o)